Archive member included to satisfy reference by file (symbol)

/Applications/Simplicity Studio.app/Contents/Eclipse/developer/toolchains/gnu_arm/7.2_2017q4/bin/../lib/gcc/arm-none-eabi/7.2.1/thumb/v7e-m/fpv4-sp/softfp/libgcc.a(_arm_addsubdf3.o)
                              ./src/humitemp.o (__aeabi_dadd)
/Applications/Simplicity Studio.app/Contents/Eclipse/developer/toolchains/gnu_arm/7.2_2017q4/bin/../lib/gcc/arm-none-eabi/7.2.1/thumb/v7e-m/fpv4-sp/softfp/libgcc.a(_arm_muldivdf3.o)
                              ./src/humitemp.o (__aeabi_dmul)
/Applications/Simplicity Studio.app/Contents/Eclipse/developer/toolchains/gnu_arm/7.2_2017q4/bin/../lib/gcc/arm-none-eabi/7.2.1/thumb/v7e-m/fpv4-sp/softfp/libgcc.a(_arm_truncdfsf2.o)
                              ./src/humitemp.o (__aeabi_d2f)
/Applications/Simplicity Studio.app/Contents/Eclipse/developer/toolchains/gnu_arm/7.2_2017q4/bin/../lib/gcc/arm-none-eabi/7.2.1/thumb/v7e-m/fpv4-sp/softfp/libgcc.a(_arm_addsubsf3.o)
                              ./src/humitemp.o (__aeabi_ul2f)
/Applications/Simplicity Studio.app/Contents/Eclipse/developer/toolchains/gnu_arm/7.2_2017q4/bin/../lib/gcc/arm-none-eabi/7.2.1/thumb/v7e-m/fpv4-sp/softfp/libgcc.a(_aeabi_uldivmod.o)
                              ./Drivers/rtcdriver.o (__aeabi_uldivmod)
/Applications/Simplicity Studio.app/Contents/Eclipse/developer/toolchains/gnu_arm/7.2_2017q4/bin/../lib/gcc/arm-none-eabi/7.2.1/thumb/v7e-m/fpv4-sp/softfp/libgcc.a(_udivmoddi4.o)
                              /Applications/Simplicity Studio.app/Contents/Eclipse/developer/toolchains/gnu_arm/7.2_2017q4/bin/../lib/gcc/arm-none-eabi/7.2.1/thumb/v7e-m/fpv4-sp/softfp/libgcc.a(_aeabi_uldivmod.o) (__udivmoddi4)
/Applications/Simplicity Studio.app/Contents/Eclipse/developer/toolchains/gnu_arm/7.2_2017q4/bin/../lib/gcc/arm-none-eabi/7.2.1/thumb/v7e-m/fpv4-sp/softfp/libgcc.a(_dvmd_tls.o)
                              /Applications/Simplicity Studio.app/Contents/Eclipse/developer/toolchains/gnu_arm/7.2_2017q4/bin/../lib/gcc/arm-none-eabi/7.2.1/thumb/v7e-m/fpv4-sp/softfp/libgcc.a(_aeabi_uldivmod.o) (__aeabi_ldiv0)
/Applications/Simplicity Studio.app/Contents/Eclipse/developer/toolchains/gnu_arm/7.2_2017q4/bin/../lib/gcc/arm-none-eabi/7.2.1/../../../../arm-none-eabi/lib/thumb/v7e-m/fpv4-sp/softfp/libc_nano.a(lib_a-exit.o)
                              /Applications/Simplicity Studio.app/Contents/Eclipse/developer/toolchains/gnu_arm/7.2_2017q4/bin/../lib/gcc/arm-none-eabi/7.2.1/../../../../arm-none-eabi/lib/thumb/v7e-m/fpv4-sp/softfp/crt0.o (exit)
/Applications/Simplicity Studio.app/Contents/Eclipse/developer/toolchains/gnu_arm/7.2_2017q4/bin/../lib/gcc/arm-none-eabi/7.2.1/../../../../arm-none-eabi/lib/thumb/v7e-m/fpv4-sp/softfp/libc_nano.a(lib_a-impure.o)
                              /Applications/Simplicity Studio.app/Contents/Eclipse/developer/toolchains/gnu_arm/7.2_2017q4/bin/../lib/gcc/arm-none-eabi/7.2.1/../../../../arm-none-eabi/lib/thumb/v7e-m/fpv4-sp/softfp/libc_nano.a(lib_a-exit.o) (_global_impure_ptr)
/Applications/Simplicity Studio.app/Contents/Eclipse/developer/toolchains/gnu_arm/7.2_2017q4/bin/../lib/gcc/arm-none-eabi/7.2.1/../../../../arm-none-eabi/lib/thumb/v7e-m/fpv4-sp/softfp/libc_nano.a(lib_a-init.o)
                              /Applications/Simplicity Studio.app/Contents/Eclipse/developer/toolchains/gnu_arm/7.2_2017q4/bin/../lib/gcc/arm-none-eabi/7.2.1/../../../../arm-none-eabi/lib/thumb/v7e-m/fpv4-sp/softfp/crt0.o (__libc_init_array)
/Applications/Simplicity Studio.app/Contents/Eclipse/developer/toolchains/gnu_arm/7.2_2017q4/bin/../lib/gcc/arm-none-eabi/7.2.1/../../../../arm-none-eabi/lib/thumb/v7e-m/fpv4-sp/softfp/libc_nano.a(lib_a-memcpy-stub.o)
                              ./Drivers/display.o (memcpy)
/Applications/Simplicity Studio.app/Contents/Eclipse/developer/toolchains/gnu_arm/7.2_2017q4/bin/../lib/gcc/arm-none-eabi/7.2.1/../../../../arm-none-eabi/lib/thumb/v7e-m/fpv4-sp/softfp/libc_nano.a(lib_a-memset.o)
                              /Applications/Simplicity Studio.app/Contents/Eclipse/developer/toolchains/gnu_arm/7.2_2017q4/bin/../lib/gcc/arm-none-eabi/7.2.1/../../../../arm-none-eabi/lib/thumb/v7e-m/fpv4-sp/softfp/crt0.o (memset)
/Applications/Simplicity Studio.app/Contents/Eclipse/developer/toolchains/gnu_arm/7.2_2017q4/bin/../lib/gcc/arm-none-eabi/7.2.1/../../../../arm-none-eabi/lib/thumb/v7e-m/fpv4-sp/softfp/libc_nano.a(lib_a-snprintf.o)
                              ./src/graphics.o (snprintf)
/Applications/Simplicity Studio.app/Contents/Eclipse/developer/toolchains/gnu_arm/7.2_2017q4/bin/../lib/gcc/arm-none-eabi/7.2.1/../../../../arm-none-eabi/lib/thumb/v7e-m/fpv4-sp/softfp/libc_nano.a(lib_a-strlen.o)
                              ./src/graphics.o (strlen)
/Applications/Simplicity Studio.app/Contents/Eclipse/developer/toolchains/gnu_arm/7.2_2017q4/bin/../lib/gcc/arm-none-eabi/7.2.1/../../../../arm-none-eabi/lib/thumb/v7e-m/fpv4-sp/softfp/libc_nano.a(lib_a-nano-svfprintf.o)
[...]
Memory Configuration

Name             Origin             Length             Attributes
FLASH            0x0000000000000000 0x0000000000100000 xr
RAM              0x0000000020000000 0x0000000000040000 xrw
*default*        0x0000000000000000 0xffffffffffffffff

Linker script and memory map

LOAD /Applications/Simplicity Studio.app/Contents/Eclipse/developer/toolchains/gnu_arm/7.2_2017q4/bin/../lib/gcc/arm-none-eabi/7.2.1/thumb/v7e-m/fpv4-sp/softfp/crti.o
LOAD /Applications/Simplicity Studio.app/Contents/Eclipse/developer/toolchains/gnu_arm/7.2_2017q4/bin/../lib/gcc/arm-none-eabi/7.2.1/thumb/v7e-m/fpv4-sp/softfp/crtbegin.o
LOAD /Applications/Simplicity Studio.app/Contents/Eclipse/developer/toolchains/gnu_arm/7.2_2017q4/bin/../lib/gcc/arm-none-eabi/7.2.1/../../../../arm-none-eabi/lib/thumb/v7e-m/fpv4-sp/softfp/crt0.o
LOAD ./BSP/bsp_bcc.o
LOAD ./BSP/bsp_stk.o
LOAD ./CMSIS/EFM32PG12B/startup_efm32pg12b.o
LOAD ./CMSIS/EFM32PG12B/system_efm32pg12b.o
LOAD ./Drivers/display.o
LOAD ./Drivers/displayls013b7dh03.o
LOAD ./Drivers/displaypalemlib.o
LOAD ./Drivers/i2cspm.o
LOAD ./Drivers/rtcdriver.o
LOAD ./Drivers/si7013.o
LOAD ./Drivers/udelay.o
LOAD ./Graphics/dmd_display.o
LOAD ./Graphics/glib.o
LOAD ./Graphics/glib_bitmap.o
LOAD ./Graphics/glib_circle.o
LOAD ./Graphics/glib_font_narrow_6x8.o
LOAD ./Graphics/glib_font_normal_8x8.o
LOAD ./Graphics/glib_line.o
LOAD ./Graphics/glib_rectangle.o
LOAD ./Graphics/glib_string.o
LOAD ./emlib/em_adc.o
LOAD ./emlib/em_assert.o
LOAD ./emlib/em_cmu.o
LOAD ./emlib/em_core.o
LOAD ./emlib/em_emu.o
LOAD ./emlib/em_gpio.o
LOAD ./emlib/em_i2c.o
LOAD ./emlib/em_leuart.o
LOAD ./emlib/em_rtcc.o
LOAD ./emlib/em_system.o
LOAD ./emlib/em_usart.o
LOAD ./src/graphics.o
LOAD ./src/humitemp.o
START GROUP
LOAD /Applications/Simplicity Studio.app/Contents/Eclipse/developer/toolchains/gnu_arm/7.2_2017q4/bin/../lib/gcc/arm-none-eabi/7.2.1/thumb/v7e-m/fpv4-sp/softfp/libgcc.a
LOAD /Applications/Simplicity Studio.app/Contents/Eclipse/developer/toolchains/gnu_arm/7.2_2017q4/bin/../lib/gcc/arm-none-eabi/7.2.1/../../../../arm-none-eabi/lib/thumb/v7e-m/fpv4-sp/softfp/libc_nano.a
LOAD /Applications/Simplicity Studio.app/Contents/Eclipse/developer/toolchains/gnu_arm/7.2_2017q4/bin/../lib/gcc/arm-none-eabi/7.2.1/../../../../arm-none-eabi/lib/thumb/v7e-m/fpv4-sp/softfp/libnosys.a
END GROUP
START GROUP
LOAD /Applications/Simplicity Studio.app/Contents/Eclipse/developer/toolchains/gnu_arm/7.2_2017q4/bin/../lib/gcc/arm-none-eabi/7.2.1/thumb/v7e-m/fpv4-sp/softfp/libgcc.a
LOAD /Applications/Simplicity Studio.app/Contents/Eclipse/developer/toolchains/gnu_arm/7.2_2017q4/bin/../lib/gcc/arm-none-eabi/7.2.1/../../../../arm-none-eabi/lib/thumb/v7e-m/fpv4-sp/softfp/libg_nano.a
LOAD /Applications/Simplicity Studio.app/Contents/Eclipse/developer/toolchains/gnu_arm/7.2_2017q4/bin/../lib/gcc/arm-none-eabi/7.2.1/../../../../arm-none-eabi/lib/thumb/v7e-m/fpv4-sp/softfp/libc_nano.a
END GROUP
START GROUP
LOAD /Applications/Simplicity Studio.app/Contents/Eclipse/developer/toolchains/gnu_arm/7.2_2017q4/bin/../lib/gcc/arm-none-eabi/7.2.1/thumb/v7e-m/fpv4-sp/softfp/libgcc.a
LOAD /Applications/Simplicity Studio.app/Contents/Eclipse/developer/toolchains/gnu_arm/7.2_2017q4/bin/../lib/gcc/arm-none-eabi/7.2.1/../../../../arm-none-eabi/lib/thumb/v7e-m/fpv4-sp/softfp/libc_nano.a
END GROUP
LOAD /Applications/Simplicity Studio.app/Contents/Eclipse/developer/toolchains/gnu_arm/7.2_2017q4/bin/../lib/gcc/arm-none-eabi/7.2.1/thumb/v7e-m/fpv4-sp/softfp/crtend.o
LOAD /Applications/Simplicity Studio.app/Contents/Eclipse/developer/toolchains/gnu_arm/7.2_2017q4/bin/../lib/gcc/arm-none-eabi/7.2.1/thumb/v7e-m/fpv4-sp/softfp/crtn.o

.text           0x0000000000000000     0x9040
 *(.vectors)
 .vectors       0x0000000000000000      0x10c ./CMSIS/EFM32PG12B/startup_efm32pg12b.o
                0x0000000000000000                __Vectors
                0x000000000000010c                __Vectors_End = .
                0x000000000000010c                __Vectors_Size = (__Vectors_End - __Vectors)
                0x000000000000010c                __end__ = .
 *(.text*)
 .text          0x000000000000010c       0x40 /Applications/Simplicity Studio.app/Contents/Eclipse/developer/toolchains/gnu_arm/7.2_2017q4/bin/../lib/gcc/arm-none-eabi/7.2.1/thumb/v7e-m/fpv4-sp/softfp/crtbegin.o
 .text          0x000000000000014c       0x74 /Applications/Simplicity Studio.app/Contents/Eclipse/developer/toolchains/gnu_arm/7.2_2017q4/bin/../lib/gcc/arm-none-eabi/7.2.1/../../../../arm-none-eabi/lib/thumb/v7e-m/fpv4-sp/softfp/crt0.o
                0x000000000000014c                _mainCRTStartup
                0x000000000000014c                _start
 .text          0x00000000000001c0       0x30 ./CMSIS/EFM32PG12B/startup_efm32pg12b.o
                0x00000000000001c0                Reset_Handler
                0x00000000000001ec                USART0_TX_IRQHandler
                0x00000000000001ec                I2C0_IRQHandler
                0x00000000000001ec                HardFault_Handler
                0x00000000000001ec                SysTick_Handler
                0x00000000000001ec                USART1_RX_IRQHandler
                0x00000000000001ec                PendSV_Handler
                0x00000000000001ec                NMI_Handler
                0x00000000000001ec                I2C1_IRQHandler
                0x00000000000001ec                WTIMER0_IRQHandler
                0x00000000000001ec                CRYPTO0_IRQHandler
                0x00000000000001ec                WDOG0_IRQHandler
                0x00000000000001ec                USART1_TX_IRQHandler
                0x00000000000001ec                SMU_IRQHandler
                0x00000000000001ec                MSC_IRQHandler
                0x00000000000001ec                ADC0_IRQHandler
                0x00000000000001ec                UsageFault_Handler
                0x00000000000001ec                WDOG1_IRQHandler
                0x00000000000001ec                FPUEH_IRQHandler
                0x00000000000001ec                WTIMER1_IRQHandler
                0x00000000000001ec                GPIO_EVEN_IRQHandler
                0x00000000000001ec                VDAC0_IRQHandler
                0x00000000000001ec                LDMA_IRQHandler
                0x00000000000001ec                CSEN_IRQHandler
                0x00000000000001ec                CRYPTO1_IRQHandler
                0x00000000000001ec                TIMER0_IRQHandler
                0x00000000000001ec                PCNT2_IRQHandler
                0x00000000000001ec                LETIMER0_IRQHandler
                0x00000000000001ec                TIMER1_IRQHandler
                0x00000000000001ec                TRNG0_IRQHandler
                0x00000000000001ec                USART2_RX_IRQHandler
                0x00000000000001ec                Default_Handler
                0x00000000000001ec                EMU_IRQHandler
                0x00000000000001ec                CRYOTIMER_IRQHandler
                0x00000000000001ec                PCNT0_IRQHandler
                0x00000000000001ec                sl_app_properties
                0x00000000000001ec                PCNT1_IRQHandler
                0x00000000000001ec                ACMP0_IRQHandler
                0x00000000000001ec                USART0_RX_IRQHandler
                0x00000000000001ec                MemManage_Handler
                0x00000000000001ec                SVC_Handler
                0x00000000000001ec                USART3_RX_IRQHandler
                0x00000000000001ec                CMU_IRQHandler
                0x00000000000001ec                LESENSE_IRQHandler
                0x00000000000001ec                GPIO_ODD_IRQHandler
                0x00000000000001ec                USART3_TX_IRQHandler
                0x00000000000001ec                BusFault_Handler
                0x00000000000001ec                USART2_TX_IRQHandler
                0x00000000000001ec                DebugMon_Handler
                0x00000000000001ec                IDAC0_IRQHandler
 .text.SystemCoreClockGet
                0x00000000000001f0       0x40 ./CMSIS/EFM32PG12B/system_efm32pg12b.o
                0x00000000000001f0                SystemCoreClockGet
 .text.SystemMaxCoreClockGet
                0x0000000000000230       0x14 ./CMSIS/EFM32PG12B/system_efm32pg12b.o
                0x0000000000000230                SystemMaxCoreClockGet
 .text.SystemHFClockGet
                0x0000000000000244       0x70 ./CMSIS/EFM32PG12B/system_efm32pg12b.o
                0x0000000000000244                SystemHFClockGet
 .text.SystemHFXOClockGet
                0x00000000000002b4       0x18 ./CMSIS/EFM32PG12B/system_efm32pg12b.o
                0x00000000000002b4                SystemHFXOClockGet
 .text.SystemInit
                0x00000000000002cc       0x2c ./CMSIS/EFM32PG12B/system_efm32pg12b.o
                0x00000000000002cc                SystemInit
 .text.SystemLFRCOClockGet
                0x00000000000002f8       0x12 ./CMSIS/EFM32PG12B/system_efm32pg12b.o
                0x00000000000002f8                SystemLFRCOClockGet
 .text.SystemULFRCOClockGet
                0x000000000000030a       0x12 ./CMSIS/EFM32PG12B/system_efm32pg12b.o
                0x000000000000030a                SystemULFRCOClockGet
 .text.SystemLFXOClockGet
                0x000000000000031c       0x18 ./CMSIS/EFM32PG12B/system_efm32pg12b.o
                0x000000000000031c                SystemLFXOClockGet
 .text.DISPLAY_Init
                0x0000000000000334       0x54 ./Drivers/display.o
                0x0000000000000334                DISPLAY_Init
 .text.DISPLAY_DeviceGet
                0x0000000000000388       0x60 ./Drivers/display.o
                0x0000000000000388                DISPLAY_DeviceGet
 .text.DISPLAY_DeviceRegister
                0x00000000000003e8       0x6c ./Drivers/display.o
                0x00000000000003e8                DISPLAY_DeviceRegister
 .text.DISPLAY_Ls013b7dh03Init
                0x0000000000000454       0xdc ./Drivers/displayls013b7dh03.o
                0x0000000000000454                DISPLAY_Ls013b7dh03Init
 .text.DriverRefresh
                0x0000000000000530       0x1e ./Drivers/displayls013b7dh03.o
 .text.DisplayEnable
                0x000000000000054e       0x2e ./Drivers/displayls013b7dh03.o
 .text.DisplayClear
                0x000000000000057c       0x48 ./Drivers/displayls013b7dh03.o
 .text.DisplayPolarityInverse
                0x00000000000005c4       0x12 ./Drivers/displayls013b7dh03.o
 *fill*         0x00000000000005d6        0x2 
 .text.PixelMatrixAllocate
                0x00000000000005d8       0x70 ./Drivers/displayls013b7dh03.o
 .text.PixelMatrixFree
                0x0000000000000648       0x1c ./Drivers/displayls013b7dh03.o
 .text.PixelMatrixClear
                0x0000000000000664       0x54 ./Drivers/displayls013b7dh03.o
 .text.PixelMatrixDraw
                0x00000000000006b8       0xb6 ./Drivers/displayls013b7dh03.o
 .text.BUS_RegMaskedSet
                0x000000000000076e       0x24 ./Drivers/displaypalemlib.o
 .text.BUS_RegMaskedClear
                0x0000000000000792       0x24 ./Drivers/displaypalemlib.o
 .text.GPIO_PinOutClear
                0x00000000000007b6       0x78 ./Drivers/displaypalemlib.o
 .text.GPIO_PinOutSet
                0x000000000000082e       0x78 ./Drivers/displaypalemlib.o
 *fill*         0x00000000000008a6        0x2 
 .text.GPIO_PinOutToggle
                0x00000000000008a8       0x78 ./Drivers/displaypalemlib.o
 .text.PAL_SpiInit
                0x0000000000000920       0x64 ./Drivers/displaypalemlib.o
                0x0000000000000920                PAL_SpiInit
 .text.PAL_SpiTransmit
                0x0000000000000984       0x74 ./Drivers/displaypalemlib.o
                0x0000000000000984                PAL_SpiTransmit
 .text.PAL_TimerInit
                0x00000000000009f8       0x18 ./Drivers/displaypalemlib.o
                0x00000000000009f8                PAL_TimerInit
 .text.PAL_TimerMicroSecondsDelay
                0x0000000000000a10       0x1c ./Drivers/displaypalemlib.o
                0x0000000000000a10                PAL_TimerMicroSecondsDelay
 .text.PAL_TimerRepeat
                0x0000000000000a2c       0x30 ./Drivers/displaypalemlib.o
                0x0000000000000a2c                PAL_TimerRepeat
 .text.PAL_GpioInit
                0x0000000000000a5c       0x20 ./Drivers/displaypalemlib.o
                0x0000000000000a5c                PAL_GpioInit
 .text.PAL_GpioPinModeSet
                0x0000000000000a7c       0x40 ./Drivers/displaypalemlib.o
                0x0000000000000a7c                PAL_GpioPinModeSet
 .text.PAL_GpioPinOutSet
                0x0000000000000abc       0x24 ./Drivers/displaypalemlib.o
                0x0000000000000abc                PAL_GpioPinOutSet
 .text.PAL_GpioPinOutClear
                0x0000000000000ae0       0x24 ./Drivers/displaypalemlib.o
                0x0000000000000ae0                PAL_GpioPinOutClear
 .text.PAL_GpioPinOutToggle
                0x0000000000000b04       0x24 ./Drivers/displaypalemlib.o
                0x0000000000000b04                PAL_GpioPinOutToggle
 .text.BUS_RegMaskedSet
                0x0000000000000b28       0x24 ./Drivers/i2cspm.o
 .text.BUS_RegMaskedClear
                0x0000000000000b4c       0x24 ./Drivers/i2cspm.o
 .text.GPIO_PinOutClear
                0x0000000000000b70       0x78 ./Drivers/i2cspm.o
 .text.GPIO_PinOutSet
                0x0000000000000be8       0x78 ./Drivers/i2cspm.o
 .text.I2CSPM_Init
                0x0000000000000c60       0xf0 ./Drivers/i2cspm.o
                0x0000000000000c60                I2CSPM_Init
 .text.I2CSPM_Transfer
                0x0000000000000d50       0x48 ./Drivers/i2cspm.o
                0x0000000000000d50                I2CSPM_Transfer
 .text.__NVIC_EnableIRQ
                0x0000000000000d98       0x3c ./Drivers/rtcdriver.o
 .text.__NVIC_ClearPendingIRQ
                0x0000000000000dd4       0x3c ./Drivers/rtcdriver.o
 .text.CMU_DivToLog2
                0x0000000000000e10       0x32 ./Drivers/rtcdriver.o
 *fill*         0x0000000000000e42        0x2 
 .text.RTCC_ChannelCompareValueGet
                0x0000000000000e44       0x28 ./Drivers/rtcdriver.o
 .text.RTCC_ChannelCompareValueSet
                0x0000000000000e6c       0x2c ./Drivers/rtcdriver.o
 .text.RTCC_ChannelCCVGet
                0x0000000000000e98       0x18 ./Drivers/rtcdriver.o
 .text.RTCC_ChannelCCVSet
                0x0000000000000eb0       0x1a ./Drivers/rtcdriver.o
 *fill*         0x0000000000000eca        0x2 
 .text.RTCC_CounterGet
                0x0000000000000ecc       0x18 ./Drivers/rtcdriver.o
 .text.RTCC_IntClear
                0x0000000000000ee4       0x20 ./Drivers/rtcdriver.o
 .text.RTCC_IntDisable
                0x0000000000000f04       0x28 ./Drivers/rtcdriver.o
 .text.RTCC_IntEnable
                0x0000000000000f2c       0x24 ./Drivers/rtcdriver.o
 .text.RTCC_IntGetEnabled
                0x0000000000000f50       0x24 ./Drivers/rtcdriver.o
 .text.RTCDRV_AllocateTimer
                0x0000000000000f74       0xa8 ./Drivers/rtcdriver.o
                0x0000000000000f74                RTCDRV_AllocateTimer
 .text.RTCDRV_Init
                0x000000000000101c       0xbc ./Drivers/rtcdriver.o
                0x000000000000101c                RTCDRV_Init
 .text.RTCDRV_StartTimer
                0x00000000000010d8      0x33c ./Drivers/rtcdriver.o
                0x00000000000010d8                RTCDRV_StartTimer
 .text.RTCC_IRQHandler
                0x0000000000001414       0xa4 ./Drivers/rtcdriver.o
                0x0000000000001414                RTCC_IRQHandler
 .text.checkAllTimers
                0x00000000000014b8      0x2d0 ./Drivers/rtcdriver.o
 .text.executeTimerCallbacks
                0x0000000000001788       0x64 ./Drivers/rtcdriver.o
 .text.rescheduleRtc
                0x00000000000017ec       0xec ./Drivers/rtcdriver.o
 .text.__NVIC_ClearPendingIRQ
                0x00000000000018d8       0x3c ./Drivers/udelay.o
 .text.RTCC_CounterGet
                0x0000000000001914       0x18 ./Drivers/udelay.o
 .text.UDELAY_Calibrate
                0x000000000000192c      0x18c ./Drivers/udelay.o
                0x000000000000192c                UDELAY_Calibrate
 .text.UDELAY_Delay
                0x0000000000001ab8       0x3c ./Drivers/udelay.o
                0x0000000000001ab8                UDELAY_Delay
 .text.calibrate_delay
                0x0000000000001af4       0xdc ./Drivers/udelay.o
 .text.clock    0x0000000000001bd0        0xe ./Drivers/udelay.o
 .text._delay   0x0000000000001bde       0x1a ./Drivers/udelay.o
 .text.DMD_init
                0x0000000000001bf8       0xc8 ./Graphics/dmd_display.o
                0x0000000000001bf8                DMD_init
 .text.DMD_getDisplayGeometry
                0x0000000000001cc0       0x38 ./Graphics/dmd_display.o
                0x0000000000001cc0                DMD_getDisplayGeometry
 .text.DMD_setClippingArea
                0x0000000000001cf8       0x8c ./Graphics/dmd_display.o
                0x0000000000001cf8                DMD_setClippingArea
 .text.DMD_writeColor
                0x0000000000001d84      0x2b8 ./Graphics/dmd_display.o
                0x0000000000001d84                DMD_writeColor
 .text.DMD_allocateFramebuffer
                0x000000000000203c       0x5c ./Graphics/dmd_display.o
                0x000000000000203c                DMD_allocateFramebuffer
 .text.DMD_updateDisplay
                0x0000000000002098      0x114 ./Graphics/dmd_display.o
                0x0000000000002098                DMD_updateDisplay
 .text.GLIB_colorTranslate24bppInl
                0x00000000000021ac       0x36 ./Graphics/glib.o
 *fill*         0x00000000000021e2        0x2 
 .text.GLIB_contextInit
                0x00000000000021e4       0x84 ./Graphics/glib.o
                0x00000000000021e4                GLIB_contextInit
 .text.GLIB_setClippingRegion
                0x0000000000002268       0xa2 ./Graphics/glib.o
                0x0000000000002268                GLIB_setClippingRegion
 .text.GLIB_clear
                0x000000000000230a       0x70 ./Graphics/glib.o
                0x000000000000230a                GLIB_clear
 .text.GLIB_resetDisplayClippingArea
                0x000000000000237a       0x30 ./Graphics/glib.o
                0x000000000000237a                GLIB_resetDisplayClippingArea
 .text.GLIB_applyClippingRegion
                0x00000000000023aa       0x56 ./Graphics/glib.o
                0x00000000000023aa                GLIB_applyClippingRegion
 .text.GLIB_colorTranslate24bpp
                0x0000000000002400       0x22 ./Graphics/glib.o
                0x0000000000002400                GLIB_colorTranslate24bpp
 .text.GLIB_drawPixel
                0x0000000000002422       0x6e ./Graphics/glib.o
                0x0000000000002422                GLIB_drawPixel
 .text.GLIB_drawPixelColor
                0x0000000000002490       0x6e ./Graphics/glib.o
                0x0000000000002490                GLIB_drawPixelColor
 .text.GLIB_drawCircleFilled
                0x00000000000024fe      0x170 ./Graphics/glib_circle.o
                0x00000000000024fe                GLIB_drawCircleFilled
 .text.GLIB_drawLineH
                0x000000000000266e       0xec ./Graphics/glib_line.o
                0x000000000000266e                GLIB_drawLineH
 .text.GLIB_rectContainsPoint
                0x000000000000275a       0x4c ./Graphics/glib_rectangle.o
                0x000000000000275a                GLIB_rectContainsPoint
 .text.GLIB_normalizeRect
                0x00000000000027a6       0x54 ./Graphics/glib_rectangle.o
                0x00000000000027a6                GLIB_normalizeRect
 .text.GLIB_drawRectFilled
                0x00000000000027fa       0xe2 ./Graphics/glib_rectangle.o
                0x00000000000027fa                GLIB_drawRectFilled
 .text.GLIB_drawChar
                0x00000000000028dc      0x1d6 ./Graphics/glib_string.o
                0x00000000000028dc                GLIB_drawChar
 .text.GLIB_drawString
                0x0000000000002ab2       0xce ./Graphics/glib_string.o
                0x0000000000002ab2                GLIB_drawString
 .text.GLIB_setFont
                0x0000000000002b80       0x44 ./Graphics/glib_string.o
                0x0000000000002b80                GLIB_setFont
 .text.BUS_RegBitWrite
                0x0000000000002bc4       0x2e ./emlib/em_cmu.o
 .text.BUS_RegBitRead
                0x0000000000002bf2       0x2a ./emlib/em_cmu.o
 .text.SL_Log2ToDiv
                0x0000000000002c1c       0x1c ./emlib/em_cmu.o
 .text.CMU_PrescToLog2
                0x0000000000002c38       0x28 ./emlib/em_cmu.o
 .text.EMU_VScaleWait
                0x0000000000002c60       0x1c ./emlib/em_cmu.o
 .text.EMU_VScaleGet
                0x0000000000002c7c       0x1c ./emlib/em_cmu.o
 .text.setHfLeConfig
                0x0000000000002c98       0x64 ./emlib/em_cmu.o
 .text.auxClkGet
                0x0000000000002cfc       0x20 ./emlib/em_cmu.o
 .text.hfSrcClkGet
                0x0000000000002d1c       0x2c ./emlib/em_cmu.o
 .text.dbgClkGet
                0x0000000000002d48       0x40 ./emlib/em_cmu.o
 .text.adcAsyncClkGet
                0x0000000000002d88       0x80 ./emlib/em_cmu.o
 .text.flashWaitStateControl
                0x0000000000002e08       0x8c ./emlib/em_cmu.o
 .text.flashWaitStateMax
                0x0000000000002e94       0x44 ./emlib/em_cmu.o
 .text.CMU_UpdateWaitStates
                0x0000000000002ed8       0x40 ./emlib/em_cmu.o
                0x0000000000002ed8                CMU_UpdateWaitStates
 .text.getRegIshUpperVal
                0x0000000000002f18       0x36 ./emlib/em_cmu.o
 *fill*         0x0000000000002f4e        0x2 
 .text.getHfxoTuningMode
                0x0000000000002f50       0x1c ./emlib/em_cmu.o
 .text.setHfxoTuningMode
                0x0000000000002f6c       0x2c ./emlib/em_cmu.o
 .text.lfClkGet
                0x0000000000002f98       0xf4 ./emlib/em_cmu.o
 .text.syncReg  0x000000000000308c       0x38 ./emlib/em_cmu.o
 .text.hfperClkSafePrescaler
                0x00000000000030c4        0xe ./emlib/em_cmu.o
 .text.hfperClkOptimizedPrescaler
                0x00000000000030d2        0xe ./emlib/em_cmu.o
 .text.CMU_ClockDivGet
                0x00000000000030e0       0x1a ./emlib/em_cmu.o
                0x00000000000030e0                CMU_ClockDivGet
 .text.CMU_ClockDivSet
                0x00000000000030fa       0x1e ./emlib/em_cmu.o
                0x00000000000030fa                CMU_ClockDivSet
 .text.CMU_ClockEnable
                0x0000000000003118       0xcc ./emlib/em_cmu.o
                0x0000000000003118                CMU_ClockEnable
 .text.CMU_ClockFreqGet
                0x00000000000031e4      0x20c ./emlib/em_cmu.o
                0x00000000000031e4                CMU_ClockFreqGet
 .text.CMU_ClockPrescGet
                0x00000000000033f0      0x184 ./emlib/em_cmu.o
                0x00000000000033f0                CMU_ClockPrescGet
 .text.CMU_ClockPrescSet
                0x0000000000003574      0x258 ./emlib/em_cmu.o
                0x0000000000003574                CMU_ClockPrescSet
 .text.CMU_ClockSelectGet
                0x00000000000037cc      0x1c0 ./emlib/em_cmu.o
                0x00000000000037cc                CMU_ClockSelectGet
 .text.CMU_ClockSelectSet
                0x000000000000398c      0x2f0 ./emlib/em_cmu.o
                0x000000000000398c                CMU_ClockSelectSet
 .text.CMU_HFRCOBandGet
                0x0000000000003c7c       0x18 ./emlib/em_cmu.o
                0x0000000000003c7c                CMU_HFRCOBandGet
 .text.CMU_HFXOInit
                0x0000000000003c94       0xe4 ./emlib/em_cmu.o
                0x0000000000003c94                CMU_HFXOInit
 .text.CMU_OscillatorEnable
                0x0000000000003d78      0x1a0 ./emlib/em_cmu.o
                0x0000000000003d78                CMU_OscillatorEnable
 .text.CMU_OscillatorTuningGet
                0x0000000000003f18       0x74 ./emlib/em_cmu.o
                0x0000000000003f18                CMU_OscillatorTuningGet
 .text.CMU_OscillatorTuningSet
                0x0000000000003f8c      0x100 ./emlib/em_cmu.o
                0x0000000000003f8c                CMU_OscillatorTuningSet
 .text.CMU_OscillatorTuningWait
                0x000000000000408c       0x94 ./emlib/em_cmu.o
                0x000000000000408c                CMU_OscillatorTuningWait
 .text.CMU_OscillatorTuningOptimize
                0x0000000000004120       0x58 ./emlib/em_cmu.o
                0x0000000000004120                CMU_OscillatorTuningOptimize
 .text.CORE_AtomicDisableIrq
                0x0000000000004178       0x10 ./emlib/em_core.o
                0x0000000000004178                CORE_AtomicDisableIrq
 .text.CORE_AtomicEnableIrq
                0x0000000000004188       0x10 ./emlib/em_core.o
                0x0000000000004188                CORE_AtomicEnableIrq
 .text.CORE_EnterAtomic
                0x0000000000004198       0x20 ./emlib/em_core.o
                0x0000000000004198                CORE_EnterAtomic
 .text.CORE_ExitAtomic
                0x00000000000041b8       0x1c ./emlib/em_core.o
                0x00000000000041b8                CORE_ExitAtomic
 .text.SystemCoreClockUpdate
                0x00000000000041d4        0xc ./emlib/em_emu.o
 .text.BUS_RegBitWrite
                0x00000000000041e0       0x2e ./emlib/em_emu.o
 .text.BUS_RegBitRead
                0x000000000000420e       0x2a ./emlib/em_emu.o
 .text.EMU_VScaleWait
                0x0000000000004238       0x1c ./emlib/em_emu.o
 .text.EMU_VScaleGet
                0x0000000000004254       0x1c ./emlib/em_emu.o
 .text.EMU_IntClear
                0x0000000000004270       0x20 ./emlib/em_emu.o
 .text.EMU_IntGet
                0x0000000000004290       0x18 ./emlib/em_emu.o
 .text.EMU_PowerLock
                0x00000000000042a8       0x18 ./emlib/em_emu.o
 .text.EMU_PowerUnlock
                0x00000000000042c0       0x1c ./emlib/em_emu.o
 .text.CMU_Lock
                0x00000000000042dc       0x1c ./emlib/em_emu.o
 .text.CMU_Unlock
                0x00000000000042f8       0x1c ./emlib/em_emu.o
 .text.vScaleEM01Cmd
                0x0000000000004314       0x22 ./emlib/em_emu.o
 *fill*         0x0000000000004336        0x2 
 .text.emState  0x0000000000004338      0x150 ./emlib/em_emu.o
 .text.vScaleDownEM23Setup
                0x0000000000004488       0x50 ./emlib/em_emu.o
 .text.vScaleAfterWakeup
                0x00000000000044d8       0x48 ./emlib/em_emu.o
 .text.EMU_EM23PresleepHook
                0x0000000000004520        0xe ./emlib/em_emu.o
                0x0000000000004520                EMU_EM23PresleepHook
 .text.EMU_EM23PostsleepHook
                0x000000000000452e        0xe ./emlib/em_emu.o
                0x000000000000452e                EMU_EM23PostsleepHook
 .text.EMU_EnterEM2
                0x000000000000453c       0x54 ./emlib/em_emu.o
                0x000000000000453c                EMU_EnterEM2
 .text.EMU_VScaleEM01ByClock
                0x0000000000004590       0x70 ./emlib/em_emu.o
                0x0000000000004590                EMU_VScaleEM01ByClock
 .text.EMU_VScaleEM01
                0x0000000000004600       0x88 ./emlib/em_emu.o
                0x0000000000004600                EMU_VScaleEM01
 .text.dcdcConstCalibrationLoad
                0x0000000000004688       0x10 ./emlib/em_emu.o
 .text.dcdcValidatedConfigSet
                0x0000000000004698       0x40 ./emlib/em_emu.o
 .text.currentLimitersUpdate
                0x00000000000046d8       0xe8 ./emlib/em_emu.o
 .text.userCurrentLimitsSet
                0x00000000000047c0       0x30 ./emlib/em_emu.o
 .text.compCtrlSet
                0x00000000000047f0       0x40 ./emlib/em_emu.o
 .text.lpCmpHystCalibrationLoad
                0x0000000000004830       0xd0 ./emlib/em_emu.o
 .text.lpGetDevinfoVrefLowHigh
                0x0000000000004900      0x158 ./emlib/em_emu.o
 .text.EMU_DCDCModeSet
                0x0000000000004a58      0x10c ./emlib/em_emu.o
                0x0000000000004a58                EMU_DCDCModeSet
 .text.EMU_DCDCInit
                0x0000000000004b64      0x138 ./emlib/em_emu.o
                0x0000000000004b64                EMU_DCDCInit
 .text.EMU_DCDCOutputVoltageSet
                0x0000000000004c9c      0x2ac ./emlib/em_emu.o
                0x0000000000004c9c                EMU_DCDCOutputVoltageSet
 .text.EMU_DCDCOptimizeSlice
                0x0000000000004f48       0xd8 ./emlib/em_emu.o
                0x0000000000004f48                EMU_DCDCOptimizeSlice
 .text.EMU_DCDCLnRcoBandSet
                0x0000000000005020       0x54 ./emlib/em_emu.o
                0x0000000000005020                EMU_DCDCLnRcoBandSet
 .text.BUS_RegMaskedSet
                0x0000000000005074       0x24 ./emlib/em_gpio.o
 .text.BUS_RegMaskedClear
                0x0000000000005098       0x24 ./emlib/em_gpio.o
 .text.GPIO_PinOutClear
                0x00000000000050bc       0x78 ./emlib/em_gpio.o
 .text.GPIO_PinOutSet
                0x0000000000005134       0x78 ./emlib/em_gpio.o
 .text.GPIO_PinModeSet
                0x00000000000051ac      0x138 ./emlib/em_gpio.o
                0x00000000000051ac                GPIO_PinModeSet
 .text.I2C_IntClear
                0x00000000000052e4       0x1c ./emlib/em_i2c.o
 .text.BUS_RegBitWrite
                0x0000000000005300       0x2e ./emlib/em_i2c.o
 .text.BUS_RegMaskedSet
                0x000000000000532e       0x24 ./emlib/em_i2c.o
 .text.BUS_RegMaskedClear
                0x0000000000005352       0x24 ./emlib/em_i2c.o
 .text.BUS_RegMaskedWrite
                0x0000000000005376       0x24 ./emlib/em_i2c.o
 .text.flushRx  0x000000000000539a       0x26 ./emlib/em_i2c.o
 .text.I2C_BusFreqSet
                0x00000000000053c0      0x138 ./emlib/em_i2c.o
                0x00000000000053c0                I2C_BusFreqSet
 .text.I2C_Enable
                0x00000000000054f8       0x38 ./emlib/em_i2c.o
                0x00000000000054f8                I2C_Enable
 .text.I2C_Init
                0x0000000000005530       0x70 ./emlib/em_i2c.o
                0x0000000000005530                I2C_Init
 .text.I2C_Transfer
                0x00000000000055a0      0x46c ./emlib/em_i2c.o
                0x00000000000055a0                I2C_Transfer
 .text.I2C_TransferInit
                0x0000000000005a0c       0xe0 ./emlib/em_i2c.o
                0x0000000000005a0c                I2C_TransferInit
 .text.LEUART_Sync
                0x0000000000005aec       0x32 ./emlib/em_leuart.o
 *fill*         0x0000000000005b1e        0x2 
 .text.LEUART_BaudrateSet
                0x0000000000005b20       0x6c ./emlib/em_leuart.o
                0x0000000000005b20                LEUART_BaudrateSet
 .text.LEUART_Enable
                0x0000000000005b8c       0x3e ./emlib/em_leuart.o
                0x0000000000005b8c                LEUART_Enable
 .text.LEUART_FreezeEnable
                0x0000000000005bca       0x36 ./emlib/em_leuart.o
                0x0000000000005bca                LEUART_FreezeEnable
 .text.LEUART_Init
                0x0000000000005c00       0x68 ./emlib/em_leuart.o
                0x0000000000005c00                LEUART_Init
 .text.BUS_RegBitWrite
                0x0000000000005c68       0x2e ./emlib/em_rtcc.o
 *fill*         0x0000000000005c96        0x2 
 .text.RTCC_ChannelInit
                0x0000000000005c98       0x5c ./emlib/em_rtcc.o
                0x0000000000005c98                RTCC_ChannelInit
 .text.RTCC_Enable
                0x0000000000005cf4       0x24 ./emlib/em_rtcc.o
                0x0000000000005cf4                RTCC_Enable
 .text.RTCC_Init
                0x0000000000005d18       0x98 ./emlib/em_rtcc.o
                0x0000000000005d18                RTCC_Init
 .text.prsRxInput
                0x0000000000005db0       0x26 ./emlib/em_usart.o
 *fill*         0x0000000000005dd6        0x2 
 .text.USART_BaudrateSyncSet
                0x0000000000005dd8       0x40 ./emlib/em_usart.o
                0x0000000000005dd8                USART_BaudrateSyncSet
 .text.USART_InitSync
                0x0000000000005e18      0x100 ./emlib/em_usart.o
                0x0000000000005e18                USART_InitSync
 .text.USART_Reset
                0x0000000000005f18       0xd0 ./emlib/em_usart.o
                0x0000000000005f18                USART_Reset
 .text.USART_Tx
                0x0000000000005fe8       0x2c ./emlib/em_usart.o
                0x0000000000005fe8                USART_Tx
 .text.USART_TxDouble
                0x0000000000006014       0x2c ./emlib/em_usart.o
                0x0000000000006014                USART_TxDouble
 .text.GRAPHICS_Init
                0x0000000000006040       0x5c ./src/graphics.o
                0x0000000000006040                GRAPHICS_Init
 .text.GRAPHICS_Draw
                0x000000000000609c       0x34 ./src/graphics.o
                0x000000000000609c                GRAPHICS_Draw
 .text.GRAPHICS_DrawTemperatureF
                0x00000000000060d0       0x8c ./src/graphics.o
 .text.GRAPHICS_DrawTemperatureC
                0x000000000000615c       0x70 ./src/graphics.o
 .text.GRAPHICS_DrawThermometer
                0x00000000000061cc      0x1c4 ./src/graphics.o
 .text.GRAPHICS_CreateString
                0x0000000000006390      0x134 ./src/graphics.o
 .text.__NVIC_EnableIRQ
                0x00000000000064c4       0x3c ./src/humitemp.o
 .text.SYSTEM_GetProdRev
                0x0000000000006500       0x1c ./src/humitemp.o
 .text.CHIP_Init
                0x000000000000651c       0x74 ./src/humitemp.o
 .text.i2c_write_eeprom
                0x0000000000006590       0x66 ./src/humitemp.o
 .text.i2c_read_eeprom
                0x00000000000065f6       0x78 ./src/humitemp.o
 .text.i2c_write_sensor
                0x000000000000666e       0x6e ./src/humitemp.o
 .text.i2c_read_sensor
                0x00000000000066dc      0x12a ./src/humitemp.o
 *fill*         0x0000000000006806        0x2 
 .text.getEEPROMData
                0x0000000000006808       0x8c ./src/humitemp.o
                0x0000000000006808                getEEPROMData
 .text.readEEPROM
                0x0000000000006894      0x11c ./src/humitemp.o
                0x0000000000006894                readEEPROM
 .text.leuart_init
                0x00000000000069b0       0x9c ./src/humitemp.o
                0x00000000000069b0                leuart_init
 .text.gpioSetup
                0x0000000000006a4c       0x38 ./src/humitemp.o
 .text.memLcdCallback
                0x0000000000006a84       0x28 ./src/humitemp.o
 .text.rtccIntCallbackRegister
                0x0000000000006aac       0x50 ./src/humitemp.o
                0x0000000000006aac                rtccIntCallbackRegister
 .text.periodicUpdateCallback
                0x0000000000006afc       0x2c ./src/humitemp.o
 .text.LEUART0_IRQHandler
                0x0000000000006b28       0x58 ./src/humitemp.o
                0x0000000000006b28                LEUART0_IRQHandler
 .text.temptoASCII
                0x0000000000006b80      0x140 ./src/humitemp.o
                0x0000000000006b80                temptoASCII
 .text.main     0x0000000000006cc0      0x514 ./src/humitemp.o
                0x0000000000006cc0                main
 .text          0x00000000000071d4      0x378 /Applications/Simplicity Studio.app/Contents/Eclipse/developer/toolchains/gnu_arm/7.2_2017q4/bin/../lib/gcc/arm-none-eabi/7.2.1/thumb/v7e-m/fpv4-sp/softfp/libgcc.a(_arm_addsubdf3.o)
                0x00000000000071d4                __aeabi_drsub
                0x00000000000071dc                __subdf3
                0x00000000000071dc                __aeabi_dsub
                0x00000000000071e0                __aeabi_dadd
                0x00000000000071e0                __adddf3
                0x0000000000007458                __aeabi_ui2d
                0x0000000000007458                __floatunsidf
                0x0000000000007478                __floatsidf
                0x0000000000007478                __aeabi_i2d
                0x000000000000749c                __extendsfdf2
                0x000000000000749c                __aeabi_f2d
                0x00000000000074e0                __aeabi_ul2d
                0x00000000000074e0                __floatundidf
                0x00000000000074f0                __aeabi_l2d
                0x00000000000074f0                __floatdidf
 .text          0x000000000000754c      0x424 /Applications/Simplicity Studio.app/Contents/Eclipse/developer/toolchains/gnu_arm/7.2_2017q4/bin/../lib/gcc/arm-none-eabi/7.2.1/thumb/v7e-m/fpv4-sp/softfp/libgcc.a(_arm_muldivdf3.o)
                0x000000000000754c                __aeabi_dmul
                0x000000000000754c                __muldf3
                0x00000000000077a0                __aeabi_ddiv
                0x00000000000077a0                __divdf3
 .text          0x0000000000007970       0xa0 /Applications/Simplicity Studio.app/Contents/Eclipse/developer/toolchains/gnu_arm/7.2_2017q4/bin/../lib/gcc/arm-none-eabi/7.2.1/thumb/v7e-m/fpv4-sp/softfp/libgcc.a(_arm_truncdfsf2.o)
                0x0000000000007970                __aeabi_d2f
                0x0000000000007970                __truncdfsf2
 .text          0x0000000000007a10      0x21c /Applications/Simplicity Studio.app/Contents/Eclipse/developer/toolchains/gnu_arm/7.2_2017q4/bin/../lib/gcc/arm-none-eabi/7.2.1/thumb/v7e-m/fpv4-sp/softfp/libgcc.a(_arm_addsubsf3.o)
                0x0000000000007a10                __aeabi_frsub
                0x0000000000007a18                __aeabi_fsub
                0x0000000000007a18                __subsf3
                0x0000000000007a1c                __aeabi_fadd
                0x0000000000007a1c                __addsf3
                0x0000000000007b7c                __aeabi_ui2f
                0x0000000000007b7c                __floatunsisf
                0x0000000000007b84                __floatsisf
                0x0000000000007b84                __aeabi_i2f
                0x0000000000007ba0                __aeabi_ul2f
                0x0000000000007ba0                __floatundisf
                0x0000000000007bb0                __aeabi_l2f
                0x0000000000007bb0                __floatdisf
 .text          0x0000000000007c2c       0x30 /Applications/Simplicity Studio.app/Contents/Eclipse/developer/toolchains/gnu_arm/7.2_2017q4/bin/../lib/gcc/arm-none-eabi/7.2.1/thumb/v7e-m/fpv4-sp/softfp/libgcc.a(_aeabi_uldivmod.o)
                0x0000000000007c2c                __aeabi_uldivmod
 .text          0x0000000000007c5c      0x2cc /Applications/Simplicity Studio.app/Contents/Eclipse/developer/toolchains/gnu_arm/7.2_2017q4/bin/../lib/gcc/arm-none-eabi/7.2.1/thumb/v7e-m/fpv4-sp/softfp/libgcc.a(_udivmoddi4.o)
                0x0000000000007c5c                __udivmoddi4
 .text          0x0000000000007f28        0x4 /Applications/Simplicity Studio.app/Contents/Eclipse/developer/toolchains/gnu_arm/7.2_2017q4/bin/../lib/gcc/arm-none-eabi/7.2.1/thumb/v7e-m/fpv4-sp/softfp/libgcc.a(_dvmd_tls.o)
                0x0000000000007f28                __aeabi_ldiv0
                0x0000000000007f28                __aeabi_idiv0
 .text.exit     0x0000000000007f2c       0x28 /Applications/Simplicity Studio.app/Contents/Eclipse/developer/toolchains/gnu_arm/7.2_2017q4/bin/../lib/gcc/arm-none-eabi/7.2.1/../../../../arm-none-eabi/lib/thumb/v7e-m/fpv4-sp/softfp/libc_nano.a(lib_a-exit.o)
                0x0000000000007f2c                exit
 .text.__libc_init_array
                0x0000000000007f54       0x48 /Applications/Simplicity Studio.app/Contents/Eclipse/developer/toolchains/gnu_arm/7.2_2017q4/bin/../lib/gcc/arm-none-eabi/7.2.1/../../../../arm-none-eabi/lib/thumb/v7e-m/fpv4-sp/softfp/libc_nano.a(lib_a-init.o)
                0x0000000000007f54                __libc_init_array
 .text.memcpy   0x0000000000007f9c       0x16 /Applications/Simplicity Studio.app/Contents/Eclipse/developer/toolchains/gnu_arm/7.2_2017q4/bin/../lib/gcc/arm-none-eabi/7.2.1/../../../../arm-none-eabi/lib/thumb/v7e-m/fpv4-sp/softfp/libc_nano.a(lib_a-memcpy-stub.o)
                0x0000000000007f9c                memcpy
 .text.memset   0x0000000000007fb2       0x10 /Applications/Simplicity Studio.app/Contents/Eclipse/developer/toolchains/gnu_arm/7.2_2017q4/bin/../lib/gcc/arm-none-eabi/7.2.1/../../../../arm-none-eabi/lib/thumb/v7e-m/fpv4-sp/softfp/libc_nano.a(lib_a-memset.o)
                0x0000000000007fb2                memset
 *fill*         0x0000000000007fc2        0x2 
 .text.snprintf
                0x0000000000007fc4       0x68 /Applications/Simplicity Studio.app/Contents/Eclipse/developer/toolchains/gnu_arm/7.2_2017q4/bin/../lib/gcc/arm-none-eabi/7.2.1/../../../../arm-none-eabi/lib/thumb/v7e-m/fpv4-sp/softfp/libc_nano.a(lib_a-snprintf.o)
                0x0000000000007fc4                snprintf
                0x0000000000007fc4                sniprintf
 .text          0x000000000000802c       0x10 /Applications/Simplicity Studio.app/Contents/Eclipse/developer/toolchains/gnu_arm/7.2_2017q4/bin/../lib/gcc/arm-none-eabi/7.2.1/../../../../arm-none-eabi/lib/thumb/v7e-m/fpv4-sp/softfp/libc_nano.a(lib_a-strlen.o)
                0x000000000000802c                strlen
 .text.__ssputs_r
                0x000000000000803c       0xb4 /Applications/Simplicity Studio.app/Contents/Eclipse/developer/toolchains/gnu_arm/7.2_2017q4/bin/../lib/gcc/arm-none-eabi/7.2.1/../../../../arm-none-eabi/lib/thumb/v7e-m/fpv4-sp/softfp/libc_nano.a(lib_a-nano-svfprintf.o)
                0x000000000000803c                __ssputs_r
 .text._svfprintf_r
                0x00000000000080f0      0x1ec /Applications/Simplicity Studio.app/Contents/Eclipse/developer/toolchains/gnu_arm/7.2_2017q4/bin/../lib/gcc/arm-none-eabi/7.2.1/../../../../arm-none-eabi/lib/thumb/v7e-m/fpv4-sp/softfp/libc_nano.a(lib_a-nano-svfprintf.o)
                0x00000000000080f0                _svfprintf_r
                0x00000000000080f0                _svfiprintf_r
 .text._printf_common
                0x00000000000082dc       0xea /Applications/Simplicity Studio.app/Contents/Eclipse/developer/toolchains/gnu_arm/7.2_2017q4/bin/../lib/gcc/arm-none-eabi/7.2.1/../../../../arm-none-eabi/lib/thumb/v7e-m/fpv4-sp/softfp/libc_nano.a(lib_a-nano-vfprintf_i.o)
                0x00000000000082dc                _printf_common
 *fill*         0x00000000000083c6        0x2 
 .text._printf_i
                0x00000000000083c8      0x224 /Applications/Simplicity Studio.app/Contents/Eclipse/developer/toolchains/gnu_arm/7.2_2017q4/bin/../lib/gcc/arm-none-eabi/7.2.1/../../../../arm-none-eabi/lib/thumb/v7e-m/fpv4-sp/softfp/libc_nano.a(lib_a-nano-vfprintf_i.o)
                0x00000000000083c8                _printf_i
 *fill*         0x00000000000085ec        0x4 
 .text          0x00000000000085f0       0xa0 /Applications/Simplicity Studio.app/Contents/Eclipse/developer/toolchains/gnu_arm/7.2_2017q4/bin/../lib/gcc/arm-none-eabi/7.2.1/../../../../arm-none-eabi/lib/thumb/v7e-m/fpv4-sp/softfp/libc_nano.a(lib_a-memchr.o)
                0x00000000000085f0                memchr
 .text.memmove  0x0000000000008690       0x32 /Applications/Simplicity Studio.app/Contents/Eclipse/developer/toolchains/gnu_arm/7.2_2017q4/bin/../lib/gcc/arm-none-eabi/7.2.1/../../../../arm-none-eabi/lib/thumb/v7e-m/fpv4-sp/softfp/libc_nano.a(lib_a-memmove.o)
                0x0000000000008690                memmove
 *fill*         0x00000000000086c2        0x2 
 .text._free_r  0x00000000000086c4       0x9c /Applications/Simplicity Studio.app/Contents/Eclipse/developer/toolchains/gnu_arm/7.2_2017q4/bin/../lib/gcc/arm-none-eabi/7.2.1/../../../../arm-none-eabi/lib/thumb/v7e-m/fpv4-sp/softfp/libc_nano.a(lib_a-nano-freer.o)
                0x00000000000086c4                _free_r
 .text._malloc_r
                0x0000000000008760       0xb4 /Applications/Simplicity Studio.app/Contents/Eclipse/developer/toolchains/gnu_arm/7.2_2017q4/bin/../lib/gcc/arm-none-eabi/7.2.1/../../../../arm-none-eabi/lib/thumb/v7e-m/fpv4-sp/softfp/libc_nano.a(lib_a-nano-mallocr.o)
                0x0000000000008760                _malloc_r
 .text._realloc_r
                0x0000000000008814       0x4c /Applications/Simplicity Studio.app/Contents/Eclipse/developer/toolchains/gnu_arm/7.2_2017q4/bin/../lib/gcc/arm-none-eabi/7.2.1/../../../../arm-none-eabi/lib/thumb/v7e-m/fpv4-sp/softfp/libc_nano.a(lib_a-nano-reallocr.o)
                0x0000000000008814                _realloc_r
 .text._sbrk_r  0x0000000000008860       0x20 /Applications/Simplicity Studio.app/Contents/Eclipse/developer/toolchains/gnu_arm/7.2_2017q4/bin/../lib/gcc/arm-none-eabi/7.2.1/../../../../arm-none-eabi/lib/thumb/v7e-m/fpv4-sp/softfp/libc_nano.a(lib_a-sbrkr.o)
                0x0000000000008860                _sbrk_r
 .text.__malloc_lock
                0x0000000000008880        0x2 /Applications/Simplicity Studio.app/Contents/Eclipse/developer/toolchains/gnu_arm/7.2_2017q4/bin/../lib/gcc/arm-none-eabi/7.2.1/../../../../arm-none-eabi/lib/thumb/v7e-m/fpv4-sp/softfp/libc_nano.a(lib_a-mlock.o)
                0x0000000000008880                __malloc_lock
 .text.__malloc_unlock
                0x0000000000008882        0x2 /Applications/Simplicity Studio.app/Contents/Eclipse/developer/toolchains/gnu_arm/7.2_2017q4/bin/../lib/gcc/arm-none-eabi/7.2.1/../../../../arm-none-eabi/lib/thumb/v7e-m/fpv4-sp/softfp/libc_nano.a(lib_a-mlock.o)
                0x0000000000008882                __malloc_unlock
 .text._malloc_usable_size_r
                0x0000000000008884       0x10 /Applications/Simplicity Studio.app/Contents/Eclipse/developer/toolchains/gnu_arm/7.2_2017q4/bin/../lib/gcc/arm-none-eabi/7.2.1/../../../../arm-none-eabi/lib/thumb/v7e-m/fpv4-sp/softfp/libc_nano.a(lib_a-nano-msizer.o)
                0x0000000000008884                _malloc_usable_size_r
 .text._sbrk    0x0000000000008894       0x1c /Applications/Simplicity Studio.app/Contents/Eclipse/developer/toolchains/gnu_arm/7.2_2017q4/bin/../lib/gcc/arm-none-eabi/7.2.1/../../../../arm-none-eabi/lib/thumb/v7e-m/fpv4-sp/softfp/libnosys.a(sbrk.o)
                0x0000000000008894                _sbrk
 .text._exit    0x00000000000088b0        0x4 /Applications/Simplicity Studio.app/Contents/Eclipse/developer/toolchains/gnu_arm/7.2_2017q4/bin/../lib/gcc/arm-none-eabi/7.2.1/../../../../arm-none-eabi/lib/thumb/v7e-m/fpv4-sp/softfp/libnosys.a(_exit.o)
                0x00000000000088b0                _exit
 *(.init)
 .init          0x00000000000088b4        0x4 /Applications/Simplicity Studio.app/Contents/Eclipse/developer/toolchains/gnu_arm/7.2_2017q4/bin/../lib/gcc/arm-none-eabi/7.2.1/thumb/v7e-m/fpv4-sp/softfp/crti.o
                0x00000000000088b4                _init
 .init          0x00000000000088b8        0x8 /Applications/Simplicity Studio.app/Contents/Eclipse/developer/toolchains/gnu_arm/7.2_2017q4/bin/../lib/gcc/arm-none-eabi/7.2.1/thumb/v7e-m/fpv4-sp/softfp/crtn.o
 *(.fini)
 .fini          0x00000000000088c0        0x4 /Applications/Simplicity Studio.app/Contents/Eclipse/developer/toolchains/gnu_arm/7.2_2017q4/bin/../lib/gcc/arm-none-eabi/7.2.1/thumb/v7e-m/fpv4-sp/softfp/crti.o
                0x00000000000088c0                _fini
 .fini          0x00000000000088c4        0x8 /Applications/Simplicity Studio.app/Contents/Eclipse/developer/toolchains/gnu_arm/7.2_2017q4/bin/../lib/gcc/arm-none-eabi/7.2.1/thumb/v7e-m/fpv4-sp/softfp/crtn.o
 *crtbegin.o(.ctors)
 *crtbegin?.o(.ctors)
 *(EXCLUDE_FILE(*crtend.o *crtend?.o) .ctors)
 *(SORT_BY_NAME(.ctors.*))
 *(.ctors)
 *crtbegin.o(.dtors)
 *crtbegin?.o(.dtors)
 *(EXCLUDE_FILE(*crtend.o *crtend?.o) .dtors)
 *(SORT_BY_NAME(.dtors.*))
 *(.dtors)
 *(.rodata*)
 .rodata        0x00000000000088cc       0x15 ./Drivers/displayls013b7dh03.o
 *fill*         0x00000000000088e1        0x3 
 .rodata        0x00000000000088e4       0x18 ./Drivers/displaypalemlib.o
 .rodata        0x00000000000088fc        0x9 ./Drivers/udelay.o
 *fill*         0x0000000000008905        0x3 
 .rodata.GLIB_FontNarrow6x8PixMap
                0x0000000000008908      0x320 ./Graphics/glib_font_narrow_6x8.o
 .rodata.GLIB_FontNarrow6x8
                0x0000000000008c28       0x10 ./Graphics/glib_font_narrow_6x8.o
                0x0000000000008c28                GLIB_FontNarrow6x8
 .rodata.GLIB_FontNormal8x8PixMap
                0x0000000000008c38      0x320 ./Graphics/glib_font_normal_8x8.o
 .rodata.GLIB_FontNormal8x8
                0x0000000000008f58       0x10 ./Graphics/glib_font_normal_8x8.o
                0x0000000000008f58                GLIB_FontNormal8x8
 .rodata.flashWsTable
                0x0000000000008f68       0x28 ./emlib/em_cmu.o
 .rodata.i2cNSum
                0x0000000000008f90        0x4 ./emlib/em_i2c.o
 .rodata        0x0000000000008f94       0x4a ./src/graphics.o
 *fill*         0x0000000000008fde        0x2 
 .rodata        0x0000000000008fe0       0x22 ./src/humitemp.o
 *fill*         0x0000000000009002        0x2 
 .rodata._global_impure_ptr
                0x0000000000009004        0x4 /Applications/Simplicity Studio.app/Contents/Eclipse/developer/toolchains/gnu_arm/7.2_2017q4/bin/../lib/gcc/arm-none-eabi/7.2.1/../../../../arm-none-eabi/lib/thumb/v7e-m/fpv4-sp/softfp/libc_nano.a(lib_a-impure.o)
                0x0000000000009004                _global_impure_ptr
 .rodata._svfprintf_r.str1.1
                0x0000000000009008       0x11 /Applications/Simplicity Studio.app/Contents/Eclipse/developer/toolchains/gnu_arm/7.2_2017q4/bin/../lib/gcc/arm-none-eabi/7.2.1/../../../../arm-none-eabi/lib/thumb/v7e-m/fpv4-sp/softfp/libc_nano.a(lib_a-nano-svfprintf.o)
 .rodata._printf_i.str1.1
                0x0000000000009019       0x22 /Applications/Simplicity Studio.app/Contents/Eclipse/developer/toolchains/gnu_arm/7.2_2017q4/bin/../lib/gcc/arm-none-eabi/7.2.1/../../../../arm-none-eabi/lib/thumb/v7e-m/fpv4-sp/softfp/libc_nano.a(lib_a-nano-vfprintf_i.o)
 *(.eh_frame*)
 *fill*         0x000000000000903b        0x1 
 .eh_frame      0x000000000000903c        0x0 /Applications/Simplicity Studio.app/Contents/Eclipse/developer/toolchains/gnu_arm/7.2_2017q4/bin/../lib/gcc/arm-none-eabi/7.2.1/thumb/v7e-m/fpv4-sp/softfp/crtbegin.o
 .eh_frame      0x000000000000903c        0x4 /Applications/Simplicity Studio.app/Contents/Eclipse/developer/toolchains/gnu_arm/7.2_2017q4/bin/../lib/gcc/arm-none-eabi/7.2.1/thumb/v7e-m/fpv4-sp/softfp/crtend.o

.glue_7         0x0000000000009040        0x0
 .glue_7        0x0000000000009040        0x0 linker stubs

.glue_7t        0x0000000000009040        0x0
 .glue_7t       0x0000000000009040        0x0 linker stubs

.vfp11_veneer   0x0000000000009040        0x0
 .vfp11_veneer  0x0000000000009040        0x0 linker stubs

.v4_bx          0x0000000000009040        0x0
 .v4_bx         0x0000000000009040        0x0 linker stubs

.iplt           0x0000000000009040        0x0
 .iplt          0x0000000000009040        0x0 /Applications/Simplicity Studio.app/Contents/Eclipse/developer/toolchains/gnu_arm/7.2_2017q4/bin/../lib/gcc/arm-none-eabi/7.2.1/thumb/v7e-m/fpv4-sp/softfp/crtbegin.o

.ARM.extab
 *(.ARM.extab* .gnu.linkonce.armextab.*)
                0x0000000000009040                __exidx_start = .

.ARM.exidx      0x0000000000009040        0x8
 *(.ARM.exidx* .gnu.linkonce.armexidx.*)
 .ARM.exidx     0x0000000000009040        0x8 /Applications/Simplicity Studio.app/Contents/Eclipse/developer/toolchains/gnu_arm/7.2_2017q4/bin/../lib/gcc/arm-none-eabi/7.2.1/../../../../arm-none-eabi/lib/thumb/v7e-m/fpv4-sp/softfp/crt0.o
 .ARM.exidx     0x0000000000009048        0x0 /Applications/Simplicity Studio.app/Contents/Eclipse/developer/toolchains/gnu_arm/7.2_2017q4/bin/../lib/gcc/arm-none-eabi/7.2.1/thumb/v7e-m/fpv4-sp/softfp/libgcc.a(_udivmoddi4.o)
                                          0x8 (size before relaxing)
                0x0000000000009048                __exidx_end = .
                0x0000000000009048                __etext = .

.rel.dyn        0x0000000000009048        0x0
 .rel.iplt      0x0000000000009048        0x0 /Applications/Simplicity Studio.app/Contents/Eclipse/developer/toolchains/gnu_arm/7.2_2017q4/bin/../lib/gcc/arm-none-eabi/7.2.1/thumb/v7e-m/fpv4-sp/softfp/crtbegin.o

.data           0x0000000020000000       0xa8 load address 0x0000000000009048
                0x0000000020000000                __data_start__ = .
 *(vtable)
 *(.data*)
 .data.SystemHFXOClock
                0x0000000020000000        0x4 ./CMSIS/EFM32PG12B/system_efm32pg12b.o
 .data.SystemLFXOClock
                0x0000000020000004        0x4 ./CMSIS/EFM32PG12B/system_efm32pg12b.o
 .data.SystemCoreClock
                0x0000000020000008        0x4 ./CMSIS/EFM32PG12B/system_efm32pg12b.o
                0x0000000020000008                SystemCoreClock
 .data.SystemHfrcoFreq
                0x000000002000000c        0x4 ./CMSIS/EFM32PG12B/system_efm32pg12b.o
                0x000000002000000c                SystemHfrcoFreq
 .data.pDisplayDeviceDriverInitFunctions
                0x0000000020000010        0x8 ./Drivers/display.o
 .data.pixelMatrixPool
                0x0000000020000018        0x4 ./Drivers/displayls013b7dh03.o
 .data.initRTCC
                0x000000002000001c        0x9 ./Drivers/rtcdriver.o
 *fill*         0x0000000020000025        0x3 
 .data.initRTCCCompareChannel
                0x0000000020000028        0x7 ./Drivers/rtcdriver.o
 *fill*         0x000000002000002f        0x1 
 .data.loops_per_jiffy
                0x0000000020000030        0x4 ./Drivers/udelay.o
                0x0000000020000030                loops_per_jiffy
 .data.auxHfrcoFreq
                0x0000000020000034        0x4 ./emlib/em_cmu.o
 .data.updateDisplay
                0x0000000020000038        0x1 ./src/humitemp.o
 .data.updateMeasurement
                0x0000000020000039        0x1 ./src/humitemp.o
 *fill*         0x000000002000003a        0x2 
 .data._impure_ptr
                0x000000002000003c        0x4 /Applications/Simplicity Studio.app/Contents/Eclipse/developer/toolchains/gnu_arm/7.2_2017q4/bin/../lib/gcc/arm-none-eabi/7.2.1/../../../../arm-none-eabi/lib/thumb/v7e-m/fpv4-sp/softfp/libc_nano.a(lib_a-impure.o)
                0x000000002000003c                _impure_ptr
 .data.impure_data
                0x0000000020000040       0x60 /Applications/Simplicity Studio.app/Contents/Eclipse/developer/toolchains/gnu_arm/7.2_2017q4/bin/../lib/gcc/arm-none-eabi/7.2.1/../../../../arm-none-eabi/lib/thumb/v7e-m/fpv4-sp/softfp/libc_nano.a(lib_a-impure.o)
                0x00000000200000a0                . = ALIGN (0x4)
                [!provide]                        PROVIDE (__ram_func_section_start, .)
 *(.ram)
                [!provide]                        PROVIDE (__ram_func_section_end, .)
                0x00000000200000a0                . = ALIGN (0x4)
                0x00000000200000a0                PROVIDE (__preinit_array_start, .)
 *(.preinit_array)
                0x00000000200000a0                PROVIDE (__preinit_array_end, .)
                0x00000000200000a0                . = ALIGN (0x4)
                0x00000000200000a0                PROVIDE (__init_array_start, .)
 *(SORT_BY_NAME(.init_array.*))
 *(.init_array)
 .init_array    0x00000000200000a0        0x4 /Applications/Simplicity Studio.app/Contents/Eclipse/developer/toolchains/gnu_arm/7.2_2017q4/bin/../lib/gcc/arm-none-eabi/7.2.1/thumb/v7e-m/fpv4-sp/softfp/crtbegin.o
                0x00000000200000a4                PROVIDE (__init_array_end, .)
                0x00000000200000a4                . = ALIGN (0x4)
                [!provide]                        PROVIDE (__fini_array_start, .)
 *(SORT_BY_NAME(.fini_array.*))
 *(.fini_array)
 .fini_array    0x00000000200000a4        0x4 /Applications/Simplicity Studio.app/Contents/Eclipse/developer/toolchains/gnu_arm/7.2_2017q4/bin/../lib/gcc/arm-none-eabi/7.2.1/thumb/v7e-m/fpv4-sp/softfp/crtbegin.o
                [!provide]                        PROVIDE (__fini_array_end, .)
 *(.jcr*)
                0x00000000200000a8                . = ALIGN (0x4)
                0x00000000200000a8                __data_end__ = .

.igot.plt       0x00000000200000a8        0x0 load address 0x00000000000090f0
 .igot.plt      0x00000000200000a8        0x0 /Applications/Simplicity Studio.app/Contents/Eclipse/developer/toolchains/gnu_arm/7.2_2017q4/bin/../lib/gcc/arm-none-eabi/7.2.1/thumb/v7e-m/fpv4-sp/softfp/crtbegin.o

.bss            0x00000000200000a8      0xa14 load address 0x00000000000090f0
                0x00000000200000a8                . = ALIGN (0x4)
                0x00000000200000a8                __bss_start__ = .
 *(.bss*)
 .bss           0x00000000200000a8       0x1c /Applications/Simplicity Studio.app/Contents/Eclipse/developer/toolchains/gnu_arm/7.2_2017q4/bin/../lib/gcc/arm-none-eabi/7.2.1/thumb/v7e-m/fpv4-sp/softfp/crtbegin.o
 .bss.deviceTable
                0x00000000200000c4       0x2c ./Drivers/display.o
 .bss.moduleInitialized
                0x00000000200000f0        0x1 ./Drivers/display.o
 *fill*         0x00000000200000f1        0x3 
 .bss.devicesRegistered
                0x00000000200000f4        0x4 ./Drivers/display.o
 .bss.lcdPolarity
                0x00000000200000f8        0x1 ./Drivers/displayls013b7dh03.o
 *fill*         0x00000000200000f9        0x3 
 .bss.pixelMatrixPoolBase
                0x00000000200000fc      0x800 ./Drivers/displayls013b7dh03.o
 *fill*         0x00000000200008fc        0x4 
 .bss.timer     0x0000000020000900       0xa0 ./Drivers/rtcdriver.o
 .bss.lastStart
                0x00000000200009a0        0x4 ./Drivers/rtcdriver.o
 .bss.startTimerNestingLevel
                0x00000000200009a4        0x4 ./Drivers/rtcdriver.o
 .bss.inTimerIRQ
                0x00000000200009a8        0x1 ./Drivers/rtcdriver.o
 .bss.rtcRunning
                0x00000000200009a9        0x1 ./Drivers/rtcdriver.o
 .bss.rtcdrvIsInitialized
                0x00000000200009aa        0x1 ./Drivers/rtcdriver.o
 .bss.moduleInitialized
                0x00000000200009ab        0x1 ./Graphics/dmd_display.o
 .bss.displayDevice
                0x00000000200009ac       0x2c ./Graphics/dmd_display.o
 .bss.pixelMatrixBuffer
                0x00000000200009d8        0x4 ./Graphics/dmd_display.o
 .bss.dimensions
                0x00000000200009dc        0xc ./Graphics/dmd_display.o
 .bss.dcdcMaxCurrent_mA
                0x00000000200009e8        0x2 ./emlib/em_emu.o
 .bss.dcdcEm01LoadCurrent_mA
                0x00000000200009ea        0x2 ./emlib/em_emu.o
 .bss.dcdcReverseCurrentControl
                0x00000000200009ec        0x2 ./emlib/em_emu.o
 *fill*         0x00000000200009ee        0x2 
 .bss.vScaleEM01Config
                0x00000000200009f0        0x1 ./emlib/em_emu.o
 *fill*         0x00000000200009f1        0x3 
 .bss.cmuStatus.7731
                0x00000000200009f4        0x4 ./emlib/em_emu.o
 .bss.hfClock.7732
                0x00000000200009f8        0x1 ./emlib/em_emu.o
 .bss.vScaleStatus.7733
                0x00000000200009f9        0x1 ./emlib/em_emu.o
 *fill*         0x00000000200009fa        0x2 
 .bss.hfrcoCtrl.7734
                0x00000000200009fc        0x4 ./emlib/em_emu.o
 .bss.i2cTransfer
                0x0000000020000a00       0x18 ./emlib/em_i2c.o
 .bss.glibContext
                0x0000000020000a18       0x2c ./src/graphics.o
 .bss.txDone    0x0000000020000a44        0x1 ./src/humitemp.o
                0x0000000020000a44                txDone
 *fill*         0x0000000020000a45        0x3 
 .bss.rtcCallback
                0x0000000020000a48        0x4 ./src/humitemp.o
 .bss.rtcCallbackArg
                0x0000000020000a4c        0x4 ./src/humitemp.o
 .bss.__malloc_free_list
                0x0000000020000a50        0x4 /Applications/Simplicity Studio.app/Contents/Eclipse/developer/toolchains/gnu_arm/7.2_2017q4/bin/../lib/gcc/arm-none-eabi/7.2.1/../../../../arm-none-eabi/lib/thumb/v7e-m/fpv4-sp/softfp/libc_nano.a(lib_a-nano-mallocr.o)
                0x0000000020000a50                __malloc_free_list
 .bss.__malloc_sbrk_start
                0x0000000020000a54        0x4 /Applications/Simplicity Studio.app/Contents/Eclipse/developer/toolchains/gnu_arm/7.2_2017q4/bin/../lib/gcc/arm-none-eabi/7.2.1/../../../../arm-none-eabi/lib/thumb/v7e-m/fpv4-sp/softfp/libc_nano.a(lib_a-nano-mallocr.o)
                0x0000000020000a54                __malloc_sbrk_start
 .bss.heap_end.5377
                0x0000000020000a58        0x4 /Applications/Simplicity Studio.app/Contents/Eclipse/developer/toolchains/gnu_arm/7.2_2017q4/bin/../lib/gcc/arm-none-eabi/7.2.1/../../../../arm-none-eabi/lib/thumb/v7e-m/fpv4-sp/softfp/libnosys.a(sbrk.o)
 *(COMMON)
 COMMON         0x0000000020000a5c       0x10 ./Graphics/dmd_display.o
                0x0000000020000a5c                dirtyRows
 COMMON         0x0000000020000a6c       0x4c ./src/humitemp.o
                0x0000000020000a6c                i2cInit
                0x0000000020000a84                Tref
                0x0000000020000a88                Myunion
                0x0000000020000a8c                k1obj
                0x0000000020000a90                k4comp
                0x0000000020000a94                k0comp
                0x0000000020000a98                k3obj
                0x0000000020000a9c                k2obj
                0x0000000020000aa0                k3comp
                0x0000000020000aa4                periodicUpdateTimerId
                0x0000000020000aa8                k0obj
                0x0000000020000aac                k4obj
                0x0000000020000ab0                k2comp
                0x0000000020000ab4                k1comp
 COMMON         0x0000000020000ab8        0x4 /Applications/Simplicity Studio.app/Contents/Eclipse/developer/toolchains/gnu_arm/7.2_2017q4/bin/../lib/gcc/arm-none-eabi/7.2.1/../../../../arm-none-eabi/lib/thumb/v7e-m/fpv4-sp/softfp/libc_nano.a(lib_a-reent.o)
                0x0000000020000ab8                errno
                0x0000000020000abc                . = ALIGN (0x4)
                0x0000000020000abc                __bss_end__ = .

.heap           0x0000000020000ac0      0xc00
                0x0000000020000ac0                __HeapBase = .
                0x0000000020000ac0                __end__ = .
                0x0000000020000ac0                end = __end__
                0x0000000020000ac0                _end = __end__
 *(.heap*)
 .heap          0x0000000020000ac0      0xc00 ./CMSIS/EFM32PG12B/startup_efm32pg12b.o
                0x00000000200016c0                __HeapLimit = .

.stack_dummy    0x0000000020000ac0      0x400
 *(.stack*)
 .stack         0x0000000020000ac0      0x400 ./CMSIS/EFM32PG12B/startup_efm32pg12b.o
                0x0000000020040000                __StackTop = (ORIGIN (RAM) + LENGTH (RAM))
                0x000000002003fc00                __StackLimit = (__StackTop - SIZEOF (.stack_dummy))
                0x0000000020040000                PROVIDE (__stack, __StackTop)
                0x0000000000000001                ASSERT ((__StackLimit >= __HeapLimit), region RAM overflowed with stack)
                0x0000000000000001                ASSERT ((LENGTH (FLASH) >= (__etext + SIZEOF (.data))), FLASH memory overflowed !)
OUTPUT(IR Temperature Sensing.axf elf32-littlearm)

.ARM.attributes
                0x0000000000000000       0x2e
 .ARM.attributes
                0x0000000000000000       0x22 /Applications/Simplicity Studio.app/Contents/Eclipse/developer/toolchains/gnu_arm/7.2_2017q4/bin/../lib/gcc/arm-none-eabi/7.2.1/thumb/v7e-m/fpv4-sp/softfp/crti.o
 .ARM.attributes
                0x0000000000000022       0x32 /Applications/Simplicity Studio.app/Contents/Eclipse/developer/toolchains/gnu_arm/7.2_2017q4/bin/../lib/gcc/arm-none-eabi/7.2.1/thumb/v7e-m/fpv4-sp/softfp/crtbegin.o
 .ARM.attributes
                0x0000000000000054       0x20 /Applications/Simplicity Studio.app/Contents/Eclipse/developer/toolchains/gnu_arm/7.2_2017q4/bin/../lib/gcc/arm-none-eabi/7.2.1/../../../../arm-none-eabi/lib/thumb/v7e-m/fpv4-sp/softfp/crt0.o
 .ARM.attributes
                0x0000000000000074       0x1f ./CMSIS/EFM32PG12B/startup_efm32pg12b.o
 .ARM.attributes
                0x0000000000000093       0x37 ./CMSIS/EFM32PG12B/system_efm32pg12b.o
 .ARM.attributes
                0x00000000000000ca       0x37 ./Drivers/display.o
 .ARM.attributes
                0x0000000000000101       0x37 ./Drivers/displayls013b7dh03.o
 .ARM.attributes
                0x0000000000000138       0x37 ./Drivers/displaypalemlib.o
 .ARM.attributes
                0x000000000000016f       0x37 ./Drivers/i2cspm.o
 .ARM.attributes
                0x00000000000001a6       0x37 ./Drivers/rtcdriver.o
 .ARM.attributes
                0x00000000000001dd       0x37 ./Drivers/udelay.o
 .ARM.attributes
                0x0000000000000214       0x37 ./Graphics/dmd_display.o
 .ARM.attributes
                0x000000000000024b       0x37 ./Graphics/glib.o
 .ARM.attributes
                0x0000000000000282       0x37 ./Graphics/glib_circle.o
 .ARM.attributes
                0x00000000000002b9       0x37 ./Graphics/glib_font_narrow_6x8.o
 .ARM.attributes
                0x00000000000002f0       0x37 ./Graphics/glib_font_normal_8x8.o
 .ARM.attributes
                0x0000000000000327       0x37 ./Graphics/glib_line.o
 .ARM.attributes
                0x000000000000035e       0x37 ./Graphics/glib_rectangle.o
 .ARM.attributes
                0x0000000000000395       0x37 ./Graphics/glib_string.o
 .ARM.attributes
                0x00000000000003cc       0x37 ./emlib/em_cmu.o
 .ARM.attributes
                0x0000000000000403       0x37 ./emlib/em_core.o
 .ARM.attributes
                0x000000000000043a       0x37 ./emlib/em_emu.o
 .ARM.attributes
                0x0000000000000471       0x37 ./emlib/em_gpio.o
 .ARM.attributes
                0x00000000000004a8       0x37 ./emlib/em_i2c.o
 .ARM.attributes
                0x00000000000004df       0x37 ./emlib/em_leuart.o
 .ARM.attributes
                0x0000000000000516       0x37 ./emlib/em_rtcc.o
 .ARM.attributes
                0x000000000000054d       0x37 ./emlib/em_usart.o
 .ARM.attributes
                0x0000000000000584       0x37 ./src/graphics.o
 .ARM.attributes
                0x00000000000005bb       0x37 ./src/humitemp.o
 .ARM.attributes
                0x00000000000005f2       0x22 /Applications/Simplicity Studio.app/Contents/Eclipse/developer/toolchains/gnu_arm/7.2_2017q4/bin/../lib/gcc/arm-none-eabi/7.2.1/thumb/v7e-m/fpv4-sp/softfp/libgcc.a(_arm_addsubdf3.o)
 .ARM.attributes
                0x0000000000000614       0x22 /Applications/Simplicity Studio.app/Contents/Eclipse/developer/toolchains/gnu_arm/7.2_2017q4/bin/../lib/gcc/arm-none-eabi/7.2.1/thumb/v7e-m/fpv4-sp/softfp/libgcc.a(_arm_muldivdf3.o)
 .ARM.attributes
                0x0000000000000636       0x22 /Applications/Simplicity Studio.app/Contents/Eclipse/developer/toolchains/gnu_arm/7.2_2017q4/bin/../lib/gcc/arm-none-eabi/7.2.1/thumb/v7e-m/fpv4-sp/softfp/libgcc.a(_arm_truncdfsf2.o)
 .ARM.attributes
                0x0000000000000658       0x22 /Applications/Simplicity Studio.app/Contents/Eclipse/developer/toolchains/gnu_arm/7.2_2017q4/bin/../lib/gcc/arm-none-eabi/7.2.1/thumb/v7e-m/fpv4-sp/softfp/libgcc.a(_arm_addsubsf3.o)
 .ARM.attributes
                0x000000000000067a       0x22 /Applications/Simplicity Studio.app/Contents/Eclipse/developer/toolchains/gnu_arm/7.2_2017q4/bin/../lib/gcc/arm-none-eabi/7.2.1/thumb/v7e-m/fpv4-sp/softfp/libgcc.a(_aeabi_uldivmod.o)
 .ARM.attributes
                0x000000000000069c       0x32 /Applications/Simplicity Studio.app/Contents/Eclipse/developer/toolchains/gnu_arm/7.2_2017q4/bin/../lib/gcc/arm-none-eabi/7.2.1/thumb/v7e-m/fpv4-sp/softfp/libgcc.a(_udivmoddi4.o)
 .ARM.attributes
                0x00000000000006ce       0x22 /Applications/Simplicity Studio.app/Contents/Eclipse/developer/toolchains/gnu_arm/7.2_2017q4/bin/../lib/gcc/arm-none-eabi/7.2.1/thumb/v7e-m/fpv4-sp/softfp/libgcc.a(_dvmd_tls.o)
 .ARM.attributes
                0x00000000000006f0       0x32 /Applications/Simplicity Studio.app/Contents/Eclipse/developer/toolchains/gnu_arm/7.2_2017q4/bin/../lib/gcc/arm-none-eabi/7.2.1/../../../../arm-none-eabi/lib/thumb/v7e-m/fpv4-sp/softfp/libc_nano.a(lib_a-exit.o)
 .ARM.attributes
                0x0000000000000722       0x32 /Applications/Simplicity Studio.app/Contents/Eclipse/developer/toolchains/gnu_arm/7.2_2017q4/bin/../lib/gcc/arm-none-eabi/7.2.1/../../../../arm-none-eabi/lib/thumb/v7e-m/fpv4-sp/softfp/libc_nano.a(lib_a-impure.o)
 .ARM.attributes
                0x0000000000000754       0x32 /Applications/Simplicity Studio.app/Contents/Eclipse/developer/toolchains/gnu_arm/7.2_2017q4/bin/../lib/gcc/arm-none-eabi/7.2.1/../../../../arm-none-eabi/lib/thumb/v7e-m/fpv4-sp/softfp/libc_nano.a(lib_a-init.o)
 .ARM.attributes
                0x0000000000000786       0x32 /Applications/Simplicity Studio.app/Contents/Eclipse/developer/toolchains/gnu_arm/7.2_2017q4/bin/../lib/gcc/arm-none-eabi/7.2.1/../../../../arm-none-eabi/lib/thumb/v7e-m/fpv4-sp/softfp/libc_nano.a(lib_a-memcpy-stub.o)
 .ARM.attributes
                0x00000000000007b8       0x32 /Applications/Simplicity Studio.app/Contents/Eclipse/developer/toolchains/gnu_arm/7.2_2017q4/bin/../lib/gcc/arm-none-eabi/7.2.1/../../../../arm-none-eabi/lib/thumb/v7e-m/fpv4-sp/softfp/libc_nano.a(lib_a-memset.o)
 .ARM.attributes
                0x00000000000007ea       0x32 /Applications/Simplicity Studio.app/Contents/Eclipse/developer/toolchains/gnu_arm/7.2_2017q4/bin/../lib/gcc/arm-none-eabi/7.2.1/../../../../arm-none-eabi/lib/thumb/v7e-m/fpv4-sp/softfp/libc_nano.a(lib_a-snprintf.o)
 .ARM.attributes
                0x000000000000081c       0x1b /Applications/Simplicity Studio.app/Contents/Eclipse/developer/toolchains/gnu_arm/7.2_2017q4/bin/../lib/gcc/arm-none-eabi/7.2.1/../../../../arm-none-eabi/lib/thumb/v7e-m/fpv4-sp/softfp/libc_nano.a(lib_a-strlen.o)
 .ARM.attributes
                0x0000000000000837       0x32 /Applications/Simplicity Studio.app/Contents/Eclipse/developer/toolchains/gnu_arm/7.2_2017q4/bin/../lib/gcc/arm-none-eabi/7.2.1/../../../../arm-none-eabi/lib/thumb/v7e-m/fpv4-sp/softfp/libc_nano.a(lib_a-nano-svfprintf.o)
 .ARM.attributes
                0x0000000000000869       0x32 /Applications/Simplicity Studio.app/Contents/Eclipse/developer/toolchains/gnu_arm/7.2_2017q4/bin/../lib/gcc/arm-none-eabi/7.2.1/../../../../arm-none-eabi/lib/thumb/v7e-m/fpv4-sp/softfp/libc_nano.a(lib_a-nano-vfprintf_i.o)
 .ARM.attributes
                0x000000000000089b       0x20 /Applications/Simplicity Studio.app/Contents/Eclipse/developer/toolchains/gnu_arm/7.2_2017q4/bin/../lib/gcc/arm-none-eabi/7.2.1/../../../../arm-none-eabi/lib/thumb/v7e-m/fpv4-sp/softfp/libc_nano.a(lib_a-memchr.o)
 .ARM.attributes
                0x00000000000008bb       0x32 /Applications/Simplicity Studio.app/Contents/Eclipse/developer/toolchains/gnu_arm/7.2_2017q4/bin/../lib/gcc/arm-none-eabi/7.2.1/../../../../arm-none-eabi/lib/thumb/v7e-m/fpv4-sp/softfp/libc_nano.a(lib_a-memmove.o)
 .ARM.attributes
                0x00000000000008ed       0x32 /Applications/Simplicity Studio.app/Contents/Eclipse/developer/toolchains/gnu_arm/7.2_2017q4/bin/../lib/gcc/arm-none-eabi/7.2.1/../../../../arm-none-eabi/lib/thumb/v7e-m/fpv4-sp/softfp/libc_nano.a(lib_a-nano-freer.o)
 .ARM.attributes
                0x000000000000091f       0x32 /Applications/Simplicity Studio.app/Contents/Eclipse/developer/toolchains/gnu_arm/7.2_2017q4/bin/../lib/gcc/arm-none-eabi/7.2.1/../../../../arm-none-eabi/lib/thumb/v7e-m/fpv4-sp/softfp/libc_nano.a(lib_a-nano-mallocr.o)
 .ARM.attributes
                0x0000000000000951       0x32 /Applications/Simplicity Studio.app/Contents/Eclipse/developer/toolchains/gnu_arm/7.2_2017q4/bin/../lib/gcc/arm-none-eabi/7.2.1/../../../../arm-none-eabi/lib/thumb/v7e-m/fpv4-sp/softfp/libc_nano.a(lib_a-nano-reallocr.o)
 .ARM.attributes
                0x0000000000000983       0x32 /Applications/Simplicity Studio.app/Contents/Eclipse/developer/toolchains/gnu_arm/7.2_2017q4/bin/../lib/gcc/arm-none-eabi/7.2.1/../../../../arm-none-eabi/lib/thumb/v7e-m/fpv4-sp/softfp/libc_nano.a(lib_a-sbrkr.o)
 .ARM.attributes
                0x00000000000009b5       0x32 /Applications/Simplicity Studio.app/Contents/Eclipse/developer/toolchains/gnu_arm/7.2_2017q4/bin/../lib/gcc/arm-none-eabi/7.2.1/../../../../arm-none-eabi/lib/thumb/v7e-m/fpv4-sp/softfp/libc_nano.a(lib_a-mlock.o)
 .ARM.attributes
                0x00000000000009e7       0x32 /Applications/Simplicity Studio.app/Contents/Eclipse/developer/toolchains/gnu_arm/7.2_2017q4/bin/../lib/gcc/arm-none-eabi/7.2.1/../../../../arm-none-eabi/lib/thumb/v7e-m/fpv4-sp/softfp/libc_nano.a(lib_a-nano-msizer.o)
 .ARM.attributes
                0x0000000000000a19       0x32 /Applications/Simplicity Studio.app/Contents/Eclipse/developer/toolchains/gnu_arm/7.2_2017q4/bin/../lib/gcc/arm-none-eabi/7.2.1/../../../../arm-none-eabi/lib/thumb/v7e-m/fpv4-sp/softfp/libc_nano.a(lib_a-reent.o)
 .ARM.attributes
                0x0000000000000a4b       0x32 /Applications/Simplicity Studio.app/Contents/Eclipse/developer/toolchains/gnu_arm/7.2_2017q4/bin/../lib/gcc/arm-none-eabi/7.2.1/../../../../arm-none-eabi/lib/thumb/v7e-m/fpv4-sp/softfp/libnosys.a(sbrk.o)
 .ARM.attributes
                0x0000000000000a7d       0x32 /Applications/Simplicity Studio.app/Contents/Eclipse/developer/toolchains/gnu_arm/7.2_2017q4/bin/../lib/gcc/arm-none-eabi/7.2.1/../../../../arm-none-eabi/lib/thumb/v7e-m/fpv4-sp/softfp/libnosys.a(_exit.o)
 .ARM.attributes
                0x0000000000000aaf       0x32 /Applications/Simplicity Studio.app/Contents/Eclipse/developer/toolchains/gnu_arm/7.2_2017q4/bin/../lib/gcc/arm-none-eabi/7.2.1/thumb/v7e-m/fpv4-sp/softfp/crtend.o
 .ARM.attributes
                0x0000000000000ae1       0x22 /Applications/Simplicity Studio.app/Contents/Eclipse/developer/toolchains/gnu_arm/7.2_2017q4/bin/../lib/gcc/arm-none-eabi/7.2.1/thumb/v7e-m/fpv4-sp/softfp/crtn.o

.comment        0x0000000000000000       0x7e
 .comment       0x0000000000000000       0x7e ./CMSIS/EFM32PG12B/system_efm32pg12b.o
                                         0x7f (size before relaxing)
 .comment       0x000000000000007e       0x7f ./Drivers/display.o
 .comment       0x000000000000007e       0x7f ./Drivers/displayls013b7dh03.o
 .comment       0x000000000000007e       0x7f ./Drivers/displaypalemlib.o
 .comment       0x000000000000007e       0x7f ./Drivers/i2cspm.o
 .comment       0x000000000000007e       0x7f ./Drivers/rtcdriver.o
 .comment       0x000000000000007e       0x7f ./Drivers/udelay.o
 .comment       0x000000000000007e       0x7f ./Graphics/dmd_display.o
 .comment       0x000000000000007e       0x7f ./Graphics/glib.o
 .comment       0x000000000000007e       0x7f ./Graphics/glib_circle.o
 .comment       0x000000000000007e       0x7f ./Graphics/glib_font_narrow_6x8.o
 .comment       0x000000000000007e       0x7f ./Graphics/glib_font_normal_8x8.o
 .comment       0x000000000000007e       0x7f ./Graphics/glib_line.o
 .comment       0x000000000000007e       0x7f ./Graphics/glib_rectangle.o
 .comment       0x000000000000007e       0x7f ./Graphics/glib_string.o
 .comment       0x000000000000007e       0x7f ./emlib/em_cmu.o
 .comment       0x000000000000007e       0x7f ./emlib/em_core.o
 .comment       0x000000000000007e       0x7f ./emlib/em_emu.o
 .comment       0x000000000000007e       0x7f ./emlib/em_gpio.o
 .comment       0x000000000000007e       0x7f ./emlib/em_i2c.o
 .comment       0x000000000000007e       0x7f ./emlib/em_leuart.o
 .comment       0x000000000000007e       0x7f ./emlib/em_rtcc.o
 .comment       0x000000000000007e       0x7f ./emlib/em_usart.o
 .comment       0x000000000000007e       0x7f ./src/graphics.o
 .comment       0x000000000000007e       0x7f ./src/humitemp.o

.debug_line     0x0000000000000000    0x11981
 .debug_line    0x0000000000000000       0xeb ./CMSIS/EFM32PG12B/startup_efm32pg12b.o
 .debug_line    0x00000000000000eb      0x982 ./CMSIS/EFM32PG12B/system_efm32pg12b.o
 .debug_line    0x0000000000000a6d      0x6c9 ./Drivers/display.o
 .debug_line    0x0000000000001136      0xe52 ./Drivers/displayls013b7dh03.o
 .debug_line    0x0000000000001f88     0x101e ./Drivers/displaypalemlib.o
 .debug_line    0x0000000000002fa6      0xb40 ./Drivers/i2cspm.o
 .debug_line    0x0000000000003ae6      0xf16 ./Drivers/rtcdriver.o
 .debug_line    0x00000000000049fc      0xa83 ./Drivers/udelay.o
 .debug_line    0x000000000000547f      0x916 ./Graphics/dmd_display.o
 .debug_line    0x0000000000005d95      0xbcb ./Graphics/glib.o
 .debug_line    0x0000000000006960      0x54c ./Graphics/glib_circle.o
 .debug_line    0x0000000000006eac      0x4b0 ./Graphics/glib_font_narrow_6x8.o
 .debug_line    0x000000000000735c      0x4b0 ./Graphics/glib_font_normal_8x8.o
 .debug_line    0x000000000000780c      0x5f9 ./Graphics/glib_line.o
 .debug_line    0x0000000000007e05      0x532 ./Graphics/glib_rectangle.o
 .debug_line    0x0000000000008337      0x58e ./Graphics/glib_string.o
 .debug_line    0x00000000000088c5     0x13ce ./emlib/em_cmu.o
 .debug_line    0x0000000000009c93      0xc9e ./emlib/em_core.o
 .debug_line    0x000000000000a931     0x1442 ./emlib/em_emu.o
 .debug_line    0x000000000000bd73      0xbfd ./emlib/em_gpio.o
 .debug_line    0x000000000000c970      0xc9c ./emlib/em_i2c.o
 .debug_line    0x000000000000d60c      0xadb ./emlib/em_leuart.o
 .debug_line    0x000000000000e0e7      0xa9d ./emlib/em_rtcc.o
 .debug_line    0x000000000000eb84      0xd14 ./emlib/em_usart.o
 .debug_line    0x000000000000f898      0xecf ./src/graphics.o
 .debug_line    0x0000000000010767     0x121a ./src/humitemp.o

.debug_info     0x0000000000000000    0x1ae0d
 .debug_info    0x0000000000000000       0x26 ./CMSIS/EFM32PG12B/startup_efm32pg12b.o
 .debug_info    0x0000000000000026      0x8f6 ./CMSIS/EFM32PG12B/system_efm32pg12b.o
 .debug_info    0x000000000000091c      0xd37 ./Drivers/display.o
 .debug_info    0x0000000000001653      0xfa6 ./Drivers/displayls013b7dh03.o
 .debug_info    0x00000000000025f9     0x1712 ./Drivers/displaypalemlib.o
 .debug_info    0x0000000000003d0b      0xa82 ./Drivers/i2cspm.o
 .debug_info    0x000000000000478d     0x1bdd ./Drivers/rtcdriver.o
 .debug_info    0x000000000000636a      0xf53 ./Drivers/udelay.o
 .debug_info    0x00000000000072bd     0x1210 ./Graphics/dmd_display.o
 .debug_info    0x00000000000084cd     0x111a ./Graphics/glib.o
 .debug_info    0x00000000000095e7      0xe5c ./Graphics/glib_circle.o
 .debug_info    0x000000000000a443      0xac3 ./Graphics/glib_font_narrow_6x8.o
 .debug_info    0x000000000000af06      0xac3 ./Graphics/glib_font_normal_8x8.o
 .debug_info    0x000000000000b9c9      0xf34 ./Graphics/glib_line.o
 .debug_info    0x000000000000c8fd      0xd8c ./Graphics/glib_rectangle.o
 .debug_info    0x000000000000d689      0xdf0 ./Graphics/glib_string.o
 .debug_info    0x000000000000e479     0x2409 ./emlib/em_cmu.o
 .debug_info    0x0000000000010882      0xd5f ./emlib/em_core.o
 .debug_info    0x00000000000115e1     0x2474 ./emlib/em_emu.o
 .debug_info    0x0000000000013a55      0xa7a ./emlib/em_gpio.o
 .debug_info    0x00000000000144cf      0xa19 ./emlib/em_i2c.o
 .debug_info    0x0000000000014ee8      0x8d2 ./emlib/em_leuart.o
 .debug_info    0x00000000000157ba      0xb6f ./emlib/em_rtcc.o
 .debug_info    0x0000000000016329     0x1030 ./emlib/em_usart.o
 .debug_info    0x0000000000017359      0xe7e ./src/graphics.o
 .debug_info    0x00000000000181d7     0x2c36 ./src/humitemp.o

.debug_abbrev   0x0000000000000000     0x3a89
 .debug_abbrev  0x0000000000000000       0x14 ./CMSIS/EFM32PG12B/startup_efm32pg12b.o
 .debug_abbrev  0x0000000000000014      0x1b7 ./CMSIS/EFM32PG12B/system_efm32pg12b.o
 .debug_abbrev  0x00000000000001cb      0x1d3 ./Drivers/display.o
 .debug_abbrev  0x000000000000039e      0x28f ./Drivers/displayls013b7dh03.o
 .debug_abbrev  0x000000000000062d      0x2bb ./Drivers/displaypalemlib.o
 .debug_abbrev  0x00000000000008e8      0x219 ./Drivers/i2cspm.o
 .debug_abbrev  0x0000000000000b01      0x377 ./Drivers/rtcdriver.o
 .debug_abbrev  0x0000000000000e78      0x22f ./Drivers/udelay.o
 .debug_abbrev  0x00000000000010a7      0x28a ./Graphics/dmd_display.o
 .debug_abbrev  0x0000000000001331      0x2af ./Graphics/glib.o
 .debug_abbrev  0x00000000000015e0      0x21c ./Graphics/glib_circle.o
 .debug_abbrev  0x00000000000017fc      0x1a0 ./Graphics/glib_font_narrow_6x8.o
 .debug_abbrev  0x000000000000199c      0x1a0 ./Graphics/glib_font_normal_8x8.o
 .debug_abbrev  0x0000000000001b3c      0x270 ./Graphics/glib_line.o
 .debug_abbrev  0x0000000000001dac      0x20f ./Graphics/glib_rectangle.o
 .debug_abbrev  0x0000000000001fbb      0x1d9 ./Graphics/glib_string.o
 .debug_abbrev  0x0000000000002194      0x31e ./emlib/em_cmu.o
 .debug_abbrev  0x00000000000024b2      0x269 ./emlib/em_core.o
 .debug_abbrev  0x000000000000271b      0x32e ./emlib/em_emu.o
 .debug_abbrev  0x0000000000002a49      0x220 ./emlib/em_gpio.o
 .debug_abbrev  0x0000000000002c69      0x263 ./emlib/em_i2c.o
 .debug_abbrev  0x0000000000002ecc      0x205 ./emlib/em_leuart.o
 .debug_abbrev  0x00000000000030d1      0x1c7 ./emlib/em_rtcc.o
 .debug_abbrev  0x0000000000003298      0x20c ./emlib/em_usart.o
 .debug_abbrev  0x00000000000034a4      0x228 ./src/graphics.o
 .debug_abbrev  0x00000000000036cc      0x3bd ./src/humitemp.o

.debug_aranges  0x0000000000000000      0xd88
 .debug_aranges
                0x0000000000000000       0x20 ./CMSIS/EFM32PG12B/startup_efm32pg12b.o
 .debug_aranges
                0x0000000000000020       0x68 ./CMSIS/EFM32PG12B/system_efm32pg12b.o
 .debug_aranges
                0x0000000000000088       0x38 ./Drivers/display.o
 .debug_aranges
                0x00000000000000c0       0x60 ./Drivers/displayls013b7dh03.o
 .debug_aranges
                0x0000000000000120       0xa8 ./Drivers/displaypalemlib.o
 .debug_aranges
                0x00000000000001c8       0x48 ./Drivers/i2cspm.o
 .debug_aranges
                0x0000000000000210       0xf0 ./Drivers/rtcdriver.o
 .debug_aranges
                0x0000000000000300       0x50 ./Drivers/udelay.o
 .debug_aranges
                0x0000000000000350       0x90 ./Graphics/dmd_display.o
 .debug_aranges
                0x00000000000003e0       0x90 ./Graphics/glib.o
 .debug_aranges
                0x0000000000000470       0x38 ./Graphics/glib_circle.o
 .debug_aranges
                0x00000000000004a8       0x18 ./Graphics/glib_font_narrow_6x8.o
 .debug_aranges
                0x00000000000004c0       0x18 ./Graphics/glib_font_normal_8x8.o
 .debug_aranges
                0x00000000000004d8       0x40 ./Graphics/glib_line.o
 .debug_aranges
                0x0000000000000518       0x38 ./Graphics/glib_rectangle.o
 .debug_aranges
                0x0000000000000550       0x30 ./Graphics/glib_string.o
 .debug_aranges
                0x0000000000000580      0x1b8 ./emlib/em_cmu.o
 .debug_aranges
                0x0000000000000738       0xe8 ./emlib/em_core.o
 .debug_aranges
                0x0000000000000820      0x1c8 ./emlib/em_emu.o
 .debug_aranges
                0x00000000000009e8       0x88 ./emlib/em_gpio.o
 .debug_aranges
                0x0000000000000a70       0x80 ./emlib/em_i2c.o
 .debug_aranges
                0x0000000000000af0       0x88 ./emlib/em_leuart.o
 .debug_aranges
                0x0000000000000b78       0x50 ./emlib/em_rtcc.o
 .debug_aranges
                0x0000000000000bc8       0xd0 ./emlib/em_usart.o
 .debug_aranges
                0x0000000000000c98       0x50 ./src/graphics.o
 .debug_aranges
                0x0000000000000ce8       0xa0 ./src/humitemp.o

.debug_str      0x0000000000000000   0x15e7b5
 .debug_str     0x0000000000000000      0x10a ./CMSIS/EFM32PG12B/startup_efm32pg12b.o
 .debug_str     0x000000000000010a   0x14e18f ./CMSIS/EFM32PG12B/system_efm32pg12b.o
                                     0x14f0c1 (size before relaxing)
 .debug_str     0x000000000014e299     0x3aab ./Drivers/display.o
                                       0x772b (size before relaxing)
 .debug_str     0x0000000000151d44     0x12af ./Drivers/displayls013b7dh03.o
                                     0x1538bb (size before relaxing)
 .debug_str     0x0000000000152ff3     0x25e7 ./Drivers/displaypalemlib.o
                                     0x155928 (size before relaxing)
 .debug_str     0x00000000001555da      0x47a ./Drivers/i2cspm.o
                                     0x151095 (size before relaxing)
 .debug_str     0x0000000000155a54     0x1f13 ./Drivers/rtcdriver.o
                                     0x155615 (size before relaxing)
 .debug_str     0x0000000000157967      0x1bc ./Drivers/udelay.o
                                     0x15197f (size before relaxing)
 .debug_str     0x0000000000157b23      0x6e2 ./Graphics/dmd_display.o
                                       0x7d75 (size before relaxing)
 .debug_str     0x0000000000158205     0x1274 ./Graphics/glib.o
                                     0x15334b (size before relaxing)
 .debug_str     0x0000000000159479      0x11e ./Graphics/glib_circle.o
                                       0x82a1 (size before relaxing)
 .debug_str     0x0000000000159597       0xa7 ./Graphics/glib_font_narrow_6x8.o
                                       0x80ed (size before relaxing)
 .debug_str     0x000000000015963e       0xa7 ./Graphics/glib_font_normal_8x8.o
                                       0x80ed (size before relaxing)
 .debug_str     0x00000000001596e5      0x12b ./Graphics/glib_line.o
                                       0x82bf (size before relaxing)
 .debug_str     0x0000000000159810       0xe1 ./Graphics/glib_rectangle.o
                                       0x828d (size before relaxing)
 .debug_str     0x00000000001598f1      0x118 ./Graphics/glib_string.o
                                       0x82bb (size before relaxing)
 .debug_str     0x0000000000159a09     0x1aaf ./emlib/em_cmu.o
                                     0x153e7e (size before relaxing)
 .debug_str     0x000000000015b4b8      0x3cf ./emlib/em_core.o
                                     0x14fb95 (size before relaxing)
 .debug_str     0x000000000015b887     0x11f2 ./emlib/em_emu.o
                                     0x1540db (size before relaxing)
 .debug_str     0x000000000015ca79      0x26d ./emlib/em_gpio.o
                                     0x14faec (size before relaxing)
 .debug_str     0x000000000015cce6      0x2e8 ./emlib/em_i2c.o
                                     0x152796 (size before relaxing)
 .debug_str     0x000000000015cfce      0x36c ./emlib/em_leuart.o
                                     0x1509df (size before relaxing)
 .debug_str     0x000000000015d33a       0xd4 ./emlib/em_rtcc.o
                                     0x14f71e (size before relaxing)
 .debug_str     0x000000000015d40e      0x71a ./emlib/em_usart.o
                                     0x15155a (size before relaxing)
 .debug_str     0x000000000015db28      0x330 ./src/graphics.o
                                     0x154423 (size before relaxing)
 .debug_str     0x000000000015de58      0x95d ./src/humitemp.o
                                     0x157ed6 (size before relaxing)

.debug_loc      0x0000000000000000     0x6ffa
 .debug_loc     0x0000000000000000      0x2e4 ./CMSIS/EFM32PG12B/system_efm32pg12b.o
 .debug_loc     0x00000000000002e4      0x140 ./Drivers/display.o
 .debug_loc     0x0000000000000424      0x2c4 ./Drivers/displayls013b7dh03.o
 .debug_loc     0x00000000000006e8      0x5d0 ./Drivers/displaypalemlib.o
 .debug_loc     0x0000000000000cb8      0x1f8 ./Drivers/i2cspm.o
 .debug_loc     0x0000000000000eb0      0x896 ./Drivers/rtcdriver.o
 .debug_loc     0x0000000000001746      0x224 ./Drivers/udelay.o
 .debug_loc     0x000000000000196a      0x4a8 ./Graphics/dmd_display.o
 .debug_loc     0x0000000000001e12      0x48c ./Graphics/glib.o
 .debug_loc     0x000000000000229e      0x142 ./Graphics/glib_circle.o
 .debug_loc     0x00000000000023e0      0x19d ./Graphics/glib_line.o
 .debug_loc     0x000000000000257d      0x159 ./Graphics/glib_rectangle.o
 .debug_loc     0x00000000000026d6       0xf0 ./Graphics/glib_string.o
 .debug_loc     0x00000000000027c6     0x104c ./emlib/em_cmu.o
 .debug_loc     0x0000000000003812      0x88c ./emlib/em_core.o
 .debug_loc     0x000000000000409e     0x1016 ./emlib/em_emu.o
 .debug_loc     0x00000000000050b4      0x4b4 ./emlib/em_gpio.o
 .debug_loc     0x0000000000005568      0x44c ./emlib/em_i2c.o
 .debug_loc     0x00000000000059b4      0x49c ./emlib/em_leuart.o
 .debug_loc     0x0000000000005e50      0x254 ./emlib/em_rtcc.o
 .debug_loc     0x00000000000060a4      0x7da ./emlib/em_usart.o
 .debug_loc     0x000000000000687e      0x23e ./src/graphics.o
 .debug_loc     0x0000000000006abc      0x53e ./src/humitemp.o

.debug_ranges   0x0000000000000000      0xbe0
 .debug_ranges  0x0000000000000000       0x58 ./CMSIS/EFM32PG12B/system_efm32pg12b.o
 .debug_ranges  0x0000000000000058       0x28 ./Drivers/display.o
 .debug_ranges  0x0000000000000080       0x50 ./Drivers/displayls013b7dh03.o
 .debug_ranges  0x00000000000000d0       0x98 ./Drivers/displaypalemlib.o
 .debug_ranges  0x0000000000000168       0x38 ./Drivers/i2cspm.o
 .debug_ranges  0x00000000000001a0       0xe0 ./Drivers/rtcdriver.o
 .debug_ranges  0x0000000000000280       0x40 ./Drivers/udelay.o
 .debug_ranges  0x00000000000002c0       0x80 ./Graphics/dmd_display.o
 .debug_ranges  0x0000000000000340       0x80 ./Graphics/glib.o
 .debug_ranges  0x00000000000003c0       0x28 ./Graphics/glib_circle.o
 .debug_ranges  0x00000000000003e8       0x30 ./Graphics/glib_line.o
 .debug_ranges  0x0000000000000418       0x28 ./Graphics/glib_rectangle.o
 .debug_ranges  0x0000000000000440       0x20 ./Graphics/glib_string.o
 .debug_ranges  0x0000000000000460      0x1a8 ./emlib/em_cmu.o
 .debug_ranges  0x0000000000000608       0xd8 ./emlib/em_core.o
 .debug_ranges  0x00000000000006e0      0x1b8 ./emlib/em_emu.o
 .debug_ranges  0x0000000000000898       0x78 ./emlib/em_gpio.o
 .debug_ranges  0x0000000000000910       0x88 ./emlib/em_i2c.o
 .debug_ranges  0x0000000000000998       0x78 ./emlib/em_leuart.o
 .debug_ranges  0x0000000000000a10       0x40 ./emlib/em_rtcc.o
 .debug_ranges  0x0000000000000a50       0xc0 ./emlib/em_usart.o
 .debug_ranges  0x0000000000000b10       0x40 ./src/graphics.o
 .debug_ranges  0x0000000000000b50       0x90 ./src/humitemp.o

.debug_macro    0x0000000000000000     0x5fb1
 .debug_macro   0x0000000000000000      0x282 ./CMSIS/EFM32PG12B/system_efm32pg12b.o
 .debug_macro   0x0000000000000282       0x4f ./CMSIS/EFM32PG12B/system_efm32pg12b.o
 .debug_macro   0x00000000000002d1       0x51 ./CMSIS/EFM32PG12B/system_efm32pg12b.o
 .debug_macro   0x0000000000000322       0xdf ./CMSIS/EFM32PG12B/system_efm32pg12b.o
 .debug_macro   0x0000000000000401      0x19b ./Drivers/display.o
 .debug_macro   0x000000000000059c       0x58 ./Drivers/display.o
 .debug_macro   0x00000000000005f4       0x10 ./Drivers/display.o
 .debug_macro   0x0000000000000604       0x40 ./Drivers/display.o
 .debug_macro   0x0000000000000644       0x28 ./Drivers/display.o
 .debug_macro   0x000000000000066c       0x64 ./Drivers/display.o
 .debug_macro   0x00000000000006d0       0x1c ./Drivers/display.o
 .debug_macro   0x00000000000006ec       0x10 ./Drivers/display.o
 .debug_macro   0x00000000000006fc       0x1c ./Drivers/display.o
 .debug_macro   0x0000000000000718       0x28 ./Drivers/display.o
 .debug_macro   0x0000000000000740      0x472 ./Drivers/displayls013b7dh03.o
 .debug_macro   0x0000000000000bb2       0x16 ./Drivers/displayls013b7dh03.o
 .debug_macro   0x0000000000000bc8       0x97 ./Drivers/displayls013b7dh03.o
 .debug_macro   0x0000000000000c5f       0xf6 ./Drivers/displayls013b7dh03.o
 .debug_macro   0x0000000000000d55       0x10 ./Drivers/displayls013b7dh03.o
 .debug_macro   0x0000000000000d65       0x10 ./Drivers/displayls013b7dh03.o
 .debug_macro   0x0000000000000d75       0xb6 ./Drivers/displayls013b7dh03.o
 .debug_macro   0x0000000000000e2b       0x16 ./Drivers/displayls013b7dh03.o
 .debug_macro   0x0000000000000e41      0x129 ./Drivers/displayls013b7dh03.o
 .debug_macro   0x0000000000000f6a       0x16 ./Drivers/displayls013b7dh03.o
 .debug_macro   0x0000000000000f80       0x22 ./Drivers/displayls013b7dh03.o
 .debug_macro   0x0000000000000fa2       0x16 ./Drivers/displayls013b7dh03.o
 .debug_macro   0x0000000000000fb8       0xe4 ./Drivers/displayls013b7dh03.o
 .debug_macro   0x000000000000109c       0x16 ./Drivers/displayls013b7dh03.o
 .debug_macro   0x00000000000010b2       0x2e ./Drivers/displayls013b7dh03.o
 .debug_macro   0x00000000000010e0      0x48b ./Drivers/displaypalemlib.o
 .debug_macro   0x000000000000156b      0x2c8 ./Drivers/i2cspm.o
 .debug_macro   0x0000000000001833       0x16 ./Drivers/i2cspm.o
 .debug_macro   0x0000000000001849       0x45 ./Drivers/i2cspm.o
 .debug_macro   0x000000000000188e      0x445 ./Drivers/rtcdriver.o
 .debug_macro   0x0000000000001cd3       0xc0 ./Drivers/rtcdriver.o
 .debug_macro   0x0000000000001d93       0x8d ./Drivers/rtcdriver.o
 .debug_macro   0x0000000000001e20       0x4c ./Drivers/rtcdriver.o
 .debug_macro   0x0000000000001e6c       0x10 ./Drivers/rtcdriver.o
 .debug_macro   0x0000000000001e7c       0x2e ./Drivers/rtcdriver.o
 .debug_macro   0x0000000000001eaa      0x2bd ./Drivers/udelay.o
 .debug_macro   0x0000000000002167      0x1cd ./Graphics/dmd_display.o
 .debug_macro   0x0000000000002334      0x10e ./Graphics/dmd_display.o
 .debug_macro   0x0000000000002442       0x86 ./Graphics/dmd_display.o
 .debug_macro   0x00000000000024c8       0x16 ./Graphics/dmd_display.o
 .debug_macro   0x00000000000024de       0x82 ./Graphics/dmd_display.o
 .debug_macro   0x0000000000002560      0x357 ./Graphics/glib.o
 .debug_macro   0x00000000000028b7      0x34d ./Graphics/glib.o
 .debug_macro   0x0000000000002c04      0x3a9 ./Graphics/glib.o
 .debug_macro   0x0000000000002fad       0x51 ./Graphics/glib.o
 .debug_macro   0x0000000000002ffe      0x156 ./Graphics/glib_circle.o
 .debug_macro   0x0000000000003154      0x15c ./Graphics/glib_font_narrow_6x8.o
 .debug_macro   0x00000000000032b0       0x7c ./Graphics/glib_font_narrow_6x8.o
 .debug_macro   0x000000000000332c      0x15c ./Graphics/glib_font_normal_8x8.o
 .debug_macro   0x0000000000003488      0x155 ./Graphics/glib_line.o
 .debug_macro   0x00000000000035dd      0x156 ./Graphics/glib_rectangle.o
 .debug_macro   0x0000000000003733      0x172 ./Graphics/glib_string.o
 .debug_macro   0x00000000000038a5      0x3a9 ./emlib/em_cmu.o
 .debug_macro   0x0000000000003c4e       0x25 ./emlib/em_cmu.o